 zlibwapi

 Timestamp is 5cbd6777 (Mon Apr 22 15:04:23 2019)

 Preferred load address is 10000000

 Start         Length     Name                   Class
 0001:00000000 0003d0a1H .textbss                DATA
 0002:00000000 0007d8ceH .text                   CODE
 0002:0007d8d0 00001161H .text$x                 CODE
 0003:00000000 00000104H .CRT$XCA                DATA
 0003:00000104 00000104H .CRT$XCZ                DATA
 0003:00000208 00000104H .CRT$XIA                DATA
 0003:0000030c 00000113H .CRT$XIC                DATA
 0003:00000420 00000104H .CRT$XIZ                DATA
 0003:00000524 00000104H .CRT$XPA                DATA
 0003:00000628 00000109H .CRT$XPX                DATA
 0003:00000734 00000104H .CRT$XPXA               DATA
 0003:00000838 00000104H .CRT$XPZ                DATA
 0003:0000093c 00000104H .CRT$XTA                DATA
 0003:00000a40 00000104H .CRT$XTZ                DATA
 0003:00000b50 00014f76H .rdata                  DATA
 0003:00015ac8 00000194H .rdata$debug            DATA
 0003:00015c5c 0000032fH .rdata$r                DATA
 0003:00015f8c 00000104H .rtc$IAA                DATA
 0003:00016090 00000104H .rtc$IZZ                DATA
 0003:00016194 00000104H .rtc$TAA                DATA
 0003:00016298 00000104H .rtc$TZZ                DATA
 0003:000163a0 0000121aH .xdata$x                DATA
 0003:000175c0 00000fb8H .edata                  DATA
 0004:00000000 000016e5H .data                   DATA
 0004:00001700 00002338H .bss                    DATA
 0005:00000000 00000014H .idata$2                DATA
 0005:00000014 00000014H .idata$3                DATA
 0005:00000028 000001fcH .idata$4                DATA
 0005:00000224 000001fcH .idata$5                DATA
 0005:00000420 000008acH .idata$6                DATA
 0006:00000000 00000169H .rsrc$01                DATA
 0006:00000170 000004dcH .rsrc$02                DATA

  Address         Publics by Value              Rva+Base       Lib:Object

 0000:00000000       ___safe_se_handler_count   00000000     <absolute>
 0000:00000000       ___safe_se_handler_table   00000000     <absolute>
 0000:00000000       __except_list              00000000     <absolute>
 0000:00000000       ___ImageBase               10000000     <linker-defined>
 0001:00000000       __enc$textbss$begin        10001000     <linker-defined>
 0001:0003d0a1       __enc$textbss$end          1003e0a1     <linker-defined>
 0002:00002f18       _longest_match             10041f18 f   match686.obj
 0002:00003100       _match_init                10042100 f   match686.obj
 0002:00003280       _inflate_fast              10042280 f   inffas32.obj
 0002:00003b00       _adler32@12                10042b00 f   adler32.obj
 0002:000040b0       _adler32_combine@12        100430b0 f   adler32.obj
 0002:00004230       _adler32_combine64@16      10043230 f   adler32.obj
 0002:00004270       _compress2@20              10043270 f   compress.obj
 0002:00004370       _compress@16               10043370 f   compress.obj
 0002:000043b0       _compressBound@4           100433b0 f   compress.obj
 0002:000043f0       _get_crc_table@0           100433f0 f   crc32.obj
 0002:00004410       _crc32@12                  10043410 f   crc32.obj
 0002:00005110       _crc32_combine@12          10044110 f   crc32.obj
 0002:00005400       _crc32_combine64@16        10044400 f   crc32.obj
 0002:00005440       _deflateInit_@16           10044440 f   deflate.obj
 0002:00005480       _deflateInit2_@32          10044480 f   deflate.obj
 0002:00005890       _deflateSetDictionary@12   10044890 f   deflate.obj
 0002:00005ba0       _deflateResetKeep@4        10044ba0 f   deflate.obj
 0002:00005ce0       _deflateReset@4            10044ce0 f   deflate.obj
 0002:00005d30       _deflateSetHeader@8        10044d30 f   deflate.obj
 0002:00005d90       _deflatePending@12         10044d90 f   deflate.obj
 0002:00005e00       _deflatePrime@12           10044e00 f   deflate.obj
 0002:00005f20       _deflateParams@12          10044f20 f   deflate.obj
 0002:000060c0       _deflateTune@20            100450c0 f   deflate.obj
 0002:00006140       _deflateBound@8            10045140 f   deflate.obj
 0002:00006320       _deflate@8                 10045320 f   deflate.obj
 0002:00007730       _deflateEnd@4              10046730 f   deflate.obj
 0002:000078c0       _deflateCopy@8             100468c0 f   deflate.obj
 0002:0000a0e0       _gzclose@4                 100490e0 f   gzclose.obj
 0002:0000a150       _gzopen@8                  10049150 f   gzlib.obj
 0002:0000a770       _gzopen64@8                10049770 f   gzlib.obj
 0002:0000a7a0       _gzdopen@8                 100497a0 f   gzlib.obj
 0002:0000a830       _gzopen_w@8                10049830 f   gzlib.obj
 0002:0000a860       _gzbuffer@8                10049860 f   gzlib.obj
 0002:0000a8e0       _gzrewind@4                100498e0 f   gzlib.obj
 0002:0000a990       _gzseek64@16               10049990 f   gzlib.obj
 0002:0000ad30       _gzseek@12                 10049d30 f   gzlib.obj
 0002:0000ada0       _gztell64@4                10049da0 f   gzlib.obj
 0002:0000ae40       _gztell@4                  10049e40 f   gzlib.obj
 0002:0000aea0       _gzoffset64@4              10049ea0 f   gzlib.obj
 0002:0000af70       _gzoffset@4                10049f70 f   gzlib.obj
 0002:0000afd0       _gzeof@4                   10049fd0 f   gzlib.obj
 0002:0000b050       _gzerror@8                 1004a050 f   gzlib.obj
 0002:0000b100       _gzclearerr@4              1004a100 f   gzlib.obj
 0002:0000b190       _gz_error                  1004a190 f   gzlib.obj
 0002:0000b2d0       _gzread@12                 1004a2d0 f   gzread.obj
 0002:0000be20       _gzgetc@4                  1004ae20 f   gzread.obj
 0002:0000bf20       _gzgetc_@4                 1004af20 f   gzread.obj
 0002:0000bf50       _gzungetc@8                1004af50 f   gzread.obj
 0002:0000c190       _gzgets@12                 1004b190 f   gzread.obj
 0002:0000c3b0       _gzdirect@4                1004b3b0 f   gzread.obj
 0002:0000c420       _gzclose_r@4               1004b420 f   gzread.obj
 0002:0000c540       _gzwrite@12                1004b540 f   gzwrite.obj
 0002:0000cd20       _gzputc@8                  1004bd20 f   gzwrite.obj
 0002:0000ce90       _gzputs@8                  1004be90 f   gzwrite.obj
 0002:0000cf00       _gzvprintf                 1004bf00 f   gzwrite.obj
 0002:0000d0a0       _gzprintf                  1004c0a0 f   gzwrite.obj
 0002:0000d0f0       _gzflush@8                 1004c0f0 f   gzwrite.obj
 0002:0000d1c0       _gzsetparams@12            1004c1c0 f   gzwrite.obj
 0002:0000d2f0       _gzclose_w@4               1004c2f0 f   gzwrite.obj
 0002:0000d460       _inflateBackInit_@20       1004c460 f   infback.obj
 0002:0000d5b0       _inflateBack@20            1004c5b0 f   infback.obj
 0002:0000ee80       _inflateBackEnd@4          1004de80 f   infback.obj
 0002:0000eef0       _inflateResetKeep@4        1004def0 f   inflate.obj
 0002:0000f030       _inflateReset@4            1004e030 f   inflate.obj
 0002:0000f0a0       _inflateReset2@8           1004e0a0 f   inflate.obj
 0002:0000f1b0       _inflateInit2_@16          1004e1b0 f   inflate.obj
 0002:0000f2f0       _inflateInit_@12           1004e2f0 f   inflate.obj
 0002:0000f320       _inflatePrime@12           1004e320 f   inflate.obj
 0002:0000f3f0       _inflate@8                 1004e3f0 f   inflate.obj
 0002:00011ee0       _inflateEnd@4              10050ee0 f   inflate.obj
 0002:00011f90       _inflateGetDictionary@12   10050f90 f   inflate.obj
 0002:00012060       _inflateSetDictionary@12   10051060 f   inflate.obj
 0002:00012160       _inflateGetHeader@8        10051160 f   inflate.obj
 0002:000121d0       _inflateSync@4             100511d0 f   inflate.obj
 0002:00012480       _inflateSyncPoint@4        10051480 f   inflate.obj
 0002:000124f0       _inflateCopy@8             100514f0 f   inflate.obj
 0002:00012730       _inflateUndermine@8        10051730 f   inflate.obj
 0002:000127a0       _inflateMark@4             100517a0 f   inflate.obj
 0002:00012840       _inflate_table             10051840 f   inftrees.obj
 0002:00012f60       _call_zopen64              10051f60 f   ioapi.obj
 0002:00012fd0       _call_zseek64              10051fd0 f   ioapi.obj
 0002:00013080       _call_ztell64              10052080 f   ioapi.obj
 0002:00013100       _fill_zlib_filefunc64_32_def_from_filefunc32 10052100 f   ioapi.obj
 0002:000131c0       _fill_fopen_filefunc       100521c0 f   ioapi.obj
 0002:00013490       _fill_fopen64_filefunc     10052490 f   ioapi.obj
 0002:00013690       _win32_open64_file_func    10052690 f   iowin32.obj
 0002:00013860       _win32_open64_file_funcA   10052860 f   iowin32.obj
 0002:000138f0       _win32_open64_file_funcW   100528f0 f   iowin32.obj
 0002:00013980       _win32_open_file_func      10052980 f   iowin32.obj
 0002:00013a10       _win32_read_file_func      10052a10 f   iowin32.obj
 0002:00013aa0       _win32_write_file_func     10052aa0 f   iowin32.obj
 0002:00013b30       _win32_tell_file_func      10052b30 f   iowin32.obj
 0002:00013c70       _win32_tell64_file_func    10052c70 f   iowin32.obj
 0002:00013d30       _win32_seek_file_func      10052d30 f   iowin32.obj
 0002:00013e30       _win32_seek64_file_func    10052e30 f   iowin32.obj
 0002:00013f20       _win32_close_file_func     10052f20 f   iowin32.obj
 0002:00013f80       _win32_error_file_func     10052f80 f   iowin32.obj
 0002:00013fc0       _fill_win32_filefunc       10052fc0 f   iowin32.obj
 0002:00014040       _fill_win32_filefunc64     10053040 f   iowin32.obj
 0002:000140c0       _fill_win32_filefunc64A    100530c0 f   iowin32.obj
 0002:00014140       _fill_win32_filefunc64W    10053140 f   iowin32.obj
 0002:000141c0       __tr_init                  100531c0 f   trees.obj
 0002:000143b0       __tr_stored_block          100533b0 f   trees.obj
 0002:00014540       __tr_flush_bits            10053540 f   trees.obj
 0002:00014570       __tr_align                 10053570 f   trees.obj
 0002:00014860       __tr_flush_block           10053860 f   trees.obj
 0002:00016ee0       __tr_tally                 10055ee0 f   trees.obj
 0002:00017f30       _uncompress@16             10056f30 f   uncompr.obj
 0002:00018030       _unzStringFileNameCompare@12 10057030 f   unzip.obj
 0002:00018180       _unzOpen2@8                10057180 f   unzip.obj
 0002:00019580       _unzOpen2_64@8             10058580 f   unzip.obj
 0002:000195f0       _unzOpen@4                 100585f0 f   unzip.obj
 0002:00019620       _unzOpen64@4               10058620 f   unzip.obj
 0002:00019650       _unzClose@4                10058650 f   unzip.obj
 0002:000196d0       _unzGetGlobalInfo64@8      100586d0 f   unzip.obj
 0002:00019730       _unzGetGlobalInfo@8        10058730 f   unzip.obj
 0002:00019780       _unzGetCurrentFileInfo64@32 10058780 f   unzip.obj
 0002:0001a190       _unzGetCurrentFileInfo@32  10059190 f   unzip.obj
 0002:0001a2d0       _unzGoToFirstFile@4        100592d0 f   unzip.obj
 0002:0001a390       _unzGoToNextFile@4         10059390 f   unzip.obj
 0002:0001a510       _unzLocateFile@12          10059510 f   unzip.obj
 0002:0001a6d0       _unzGetFilePos64@8         100596d0 f   unzip.obj
 0002:0001a760       _unzGetFilePos@8           10059760 f   unzip.obj
 0002:0001a7b0       _unzGoToFilePos64@8        100597b0 f   unzip.obj
 0002:0001a870       _unzGoToFilePos@8          10059870 f   unzip.obj
 0002:0001a8d0       _unzOpenCurrentFile3@20    100598d0 f   unzip.obj
 0002:0001b150       _unzOpenCurrentFile@4      1005a150 f   unzip.obj
 0002:0001b180       _unzOpenCurrentFilePassword@8 1005a180 f   unzip.obj
 0002:0001b1b0       _unzOpenCurrentFile2@16    1005a1b0 f   unzip.obj
 0002:0001b1f0       _unzGetCurrentFileZStreamPos64@4 1005a1f0 f   unzip.obj
 0002:0001b260       _unzReadCurrentFile@12     1005a260 f   unzip.obj
 0002:0001b890       _unztell@4                 1005a890 f   unzip.obj
 0002:0001b8f0       _unztell64@4               1005a8f0 f   unzip.obj
 0002:0001b950       _unzeof@4                  1005a950 f   unzip.obj
 0002:0001b9d0       _unzGetLocalExtrafield@12  1005a9d0 f   unzip.obj
 0002:0001bb30       _unzCloseCurrentFile@4     1005ab30 f   unzip.obj
 0002:0001bc50       _unzGetGlobalComment@12    1005ac50 f   unzip.obj
 0002:0001bd50       _unzGetOffset64@4          1005ad50 f   unzip.obj
 0002:0001be20       _unzGetOffset@4            1005ae20 f   unzip.obj
 0002:0001be60       _unzSetOffset64@12         1005ae60 f   unzip.obj
 0002:0001bf10       _unzSetOffset@8            1005af10 f   unzip.obj
 0002:0001bf40       _LoadCentralDirectoryRecord 1005af40 f   zip.obj
 0002:0001d500       _zipOpen3@16               1005c500 f   zip.obj
 0002:0001d780       _zipOpen2@16               1005c780 f   zip.obj
 0002:0001d7f0       _zipOpen2_64@16            1005c7f0 f   zip.obj
 0002:0001d870       _zipOpen@8                 1005c870 f   zip.obj
 0002:0001d8a0       _zipOpen64@8               1005c8a0 f   zip.obj
 0002:0001d8d0       _Write_LocalFileHeader     1005c8d0 f   zip.obj
 0002:0001de20       _zipOpenNewFileInZip4_64@76 1005ce20 f   zip.obj
 0002:0001eca0       _zipOpenNewFileInZip4@72   1005dca0 f   zip.obj
 0002:0001ed20       _zipOpenNewFileInZip3@64   1005dd20 f   zip.obj
 0002:0001eda0       _zipOpenNewFileInZip3_64@68 1005dda0 f   zip.obj
 0002:0001ee20       _zipOpenNewFileInZip2@44   1005de20 f   zip.obj
 0002:0001ee90       _zipOpenNewFileInZip2_64@48 1005de90 f   zip.obj
 0002:0001ef00       _zipOpenNewFileInZip64@44  1005df00 f   zip.obj
 0002:0001ef70       _zipOpenNewFileInZip@40    1005df70 f   zip.obj
 0002:0001efe0       _zipWriteInFileInZip@12    1005dfe0 f   zip.obj
 0002:0001f400       _zipCloseFileInZipRaw@12   1005e400 f   zip.obj
 0002:0001f430       _zipCloseFileInZipRaw64@16 1005e430 f   zip.obj
 0002:0001fd00       _zipCloseFileInZip@4       1005ed00 f   zip.obj
 0002:0001fd30       _Write_Zip64EndOfCentralDirectoryLocator 1005ed30 f   zip.obj
 0002:0001fe20       _Write_Zip64EndOfCentralDirectoryRecord 1005ee20 f   zip.obj
 0002:00020040       _Write_EndOfCentralDirectoryRecord 1005f040 f   zip.obj
 0002:000202c0       _Write_GlobalComment       1005f2c0 f   zip.obj
 0002:00020380       _zipClose@8                1005f380 f   zip.obj
 0002:000206c0       _zipRemoveExtraInfoBlock@12 1005f6c0 f   zip.obj
 0002:00020840       _zlibVersion@0             1005f840 f   zutil.obj
 0002:00020860       _zlibCompileFlags@0        1005f860 f   zutil.obj
 0002:000209d0       _zError@4                  1005f9d0 f   zutil.obj
 0002:00020a00       _zcalloc                   1005fa00 f   zutil.obj
 0002:00020a40       _zcfree                    1005fa40 f   zutil.obj
 0002:00020a64       _CreateFileA@28            1005fa64 f   kernel32:KERNEL32.dll
 0002:00020a6a       _CloseHandle@4             1005fa6a f   kernel32:KERNEL32.dll
 0002:00020a70       _CreateFileW@28            1005fa70 f   kernel32:KERNEL32.dll
 0002:00020a76       _GetLastError@0            1005fa76 f   kernel32:KERNEL32.dll
 0002:00020a7c       _ReadFile@20               1005fa7c f   kernel32:KERNEL32.dll
 0002:00020a82       _WriteFile@20              1005fa82 f   kernel32:KERNEL32.dll
 0002:00020a88       _SetFilePointer@16         1005fa88 f   kernel32:KERNEL32.dll
 0002:00020a90       __allrem                   1005fa90 f   LIBCMTD:llrem.obj
 0002:00020b70       __allshr                   1005fb70 f   LIBCMTD:llshr.obj
 0002:00020ba0       _memset                    1005fba0 f   LIBCMTD:memset.obj
 0002:00020c40       _memcpy                    1005fc40 f   LIBCMTD:memcpy.obj
 0002:00021080       __lseeki64                 10060080 f   LIBCMTD:lseeki64.obj
 0002:00021360       __lseeki64_nolock          10060360 f   LIBCMTD:lseeki64.obj
 0002:00021490       __wopen                    10060490 f   LIBCMTD:wopen.obj
 0002:00021670       __wsopen_helper            10060670 f   LIBCMTD:wopen.obj
 0002:00022d60       __invoke_watson_if_error   10061d60 f i LIBCMTD:wopen.obj
 0002:00022da0       __wsopen                   10061da0 f   LIBCMTD:wopen.obj
 0002:00022e30       __wsopen_s                 10061e30 f   LIBCMTD:wopen.obj
 0002:00022e60       __snprintf                 10061e60 f   LIBCMTD:snprintf.obj
 0002:00023070       __snprintf_l               10062070 f   LIBCMTD:snprintf.obj
 0002:000230b0       _strlen                    100620b0 f   LIBCMTD:strlen.obj
 0002:00023160       __wcstombs_l_helper        10062160 f   LIBCMTD:wcstombs.obj
 0002:00023710       ??0_LocaleUpdate@@QAE@PAUlocaleinfo_struct@@@Z 10062710 f i LIBCMTD:wcstombs.obj
 0002:00023820       ??1_LocaleUpdate@@QAE@XZ   10062820 f i LIBCMTD:wcstombs.obj
 0002:00023860       ?GetLocaleT@_LocaleUpdate@@QAEPAUlocaleinfo_struct@@XZ 10062860 f i LIBCMTD:wcstombs.obj
 0002:00023900       __wcstombs_l               10062900 f   LIBCMTD:wcstombs.obj
 0002:00023930       _wcstombs                  10062930 f   LIBCMTD:wcstombs.obj
 0002:00023960       __wcstombs_s_l             10062960 f   LIBCMTD:wcstombs.obj
 0002:00023d50       _wcstombs_s                10062d50 f   LIBCMTD:wcstombs.obj
 0002:00023d80       _free                      10062d80 f   LIBCMTD:dbgfree.obj
 0002:00023da0       _malloc                    10062da0 f   LIBCMTD:dbgmalloc.obj
 0002:00023de0       _strerror                  10062de0 f   LIBCMTD:strerror.obj
 0002:00023eb0       __get_sys_err_msg          10062eb0 f i LIBCMTD:strerror.obj
 0002:00023f00       _strerror_s                10062f00 f   LIBCMTD:strerror.obj
 0002:00024070       __dosmaperr                10063070 f   LIBCMTD:dosmap.obj
 0002:000240b0       __get_errno_from_oserr     100630b0 f   LIBCMTD:dosmap.obj
 0002:00024150       __set_errno                10063150 f   LIBCMTD:dosmap.obj
 0002:00024190       __get_errno                10063190 f   LIBCMTD:dosmap.obj
 0002:00024230       __set_doserrno             10063230 f   LIBCMTD:dosmap.obj
 0002:00024270       __get_doserrno             10063270 f   LIBCMTD:dosmap.obj
 0002:00024310       __errno                    10063310 f   LIBCMTD:dosmap.obj
 0002:00024340       ___doserrno                10063340 f   LIBCMTD:dosmap.obj
 0002:00024370       _memchr                    10063370 f   LIBCMTD:memchr.obj
 0002:00024450       __fsopen                   10063450 f   LIBCMTD:fopen.obj
 0002:000246e0       _fopen                     100636e0 f   LIBCMTD:fopen.obj
 0002:00024700       _fopen_s                   10063700 f   LIBCMTD:fopen.obj
 0002:000247d0       _fread_s                   100637d0 f   LIBCMTD:fread.obj
 0002:00024950       __fread_nolock_s           10063950 f   LIBCMTD:fread.obj
 0002:000250a0       _fread                     100640a0 f   LIBCMTD:fread.obj
 0002:000250d0       __fread_nolock             100640d0 f   LIBCMTD:fread.obj
 0002:00025100       _fwrite                    10064100 f   LIBCMTD:fwrite.obj
 0002:00025250       __fwrite_nolock            10064250 f   LIBCMTD:fwrite.obj
 0002:00025710       _ftell                     10064710 f   LIBCMTD:ftell.obj
 0002:00025830       __ftell_nolock             10064830 f   LIBCMTD:ftell.obj
 0002:00025bb0       _fseek                     10064bb0 f   LIBCMTD:fseek.obj
 0002:00025d80       __fseek_nolock             10064d80 f   LIBCMTD:fseek.obj
 0002:00025ea0       _fclose                    10064ea0 f   LIBCMTD:fclose.obj
 0002:00025ff0       __fclose_nolock            10064ff0 f   LIBCMTD:fclose.obj
 0002:00026130       _feof                      10065130 f   LIBCMTD:feoferr.obj
 0002:000261c0       _ferror                    100651c0 f   LIBCMTD:feoferr.obj
 0002:00026250       __ftelli64                 10065250 f   LIBCMTD:ftelli64.obj
 0002:00026330       __ftelli64_nolock          10065330 f   LIBCMTD:ftelli64.obj
 0002:00026a30       __fseeki64                 10065a30 f   LIBCMTD:fseeki64.obj
 0002:00026b20       __fseeki64_nolock          10065b20 f   LIBCMTD:fseeki64.obj
 0002:00026cb0       _strcmp                    10065cb0 f   LIBCMTD:strcmp.obj
 0002:00026d60       __allshl                   10065d60 f   LIBCMTD:llshl.obj
 0002:00026d90       __allmul                   10065d90 f   LIBCMTD:llmul.obj
 0002:00026de0       __aulldiv                  10065de0 f   LIBCMTD:ulldiv.obj
 0002:00026e70       __aullshr                  10065e70 f   LIBCMTD:ullshr.obj
 0002:00026ea0       __chkstk                   10065ea0 f   LIBCMTD:chkstk.obj
 0002:00026ea0       __alloca_probe             10065ea0     LIBCMTD:chkstk.obj
 0002:00026ee0       _srand                     10065ee0 f   LIBCMTD:rand.obj
 0002:00026f00       _rand                      10065f00 f   LIBCMTD:rand.obj
 0002:00026f50       __time64                   10065f50 f   LIBCMTD:time64.obj
 0002:00026ff0       __CRT_INIT@12              10065ff0 f   LIBCMTD:dllcrt0.obj
 0002:00027230       __DllMainCRTStartup@12     10066230 f   LIBCMTD:dllcrt0.obj
 0002:00027490       __VEC_memzero              10066490 f   LIBCMTD:p4_memset.obj
 0002:000275c0       __get_sse2_info            100665c0 f   LIBCMTD:cpu_disp.obj
 0002:00027730       ___sse2_available_init     10066730 f   LIBCMTD:cpu_disp.obj
 0002:00027750       __VEC_memcpy               10066750 f   LIBCMTD:p4_memcpy.obj
 0002:00027920       __alloc_osfhnd             10066920 f   LIBCMTD:osfinfo.obj
 0002:00027c80       __set_osfhnd               10066c80 f   LIBCMTD:osfinfo.obj
 0002:00027d80       __free_osfhnd              10066d80 f   LIBCMTD:osfinfo.obj
 0002:00027ea0       __get_osfhandle            10066ea0 f   LIBCMTD:osfinfo.obj
 0002:00028060       __open_osfhandle           10067060 f   LIBCMTD:osfinfo.obj
 0002:00028320       ___lock_fhandle            10067320 f   LIBCMTD:osfinfo.obj
 0002:00028460       __unlock_fhandle           10067460 f   LIBCMTD:osfinfo.obj
 0002:000284a0       __ioinit                   100674a0 f   LIBCMTD:ioinit.obj
 0002:00028a70       __ioterm                   10067a70 f   LIBCMTD:ioinit.obj
 0002:00028b40       __initp_misc_invarg        10067b40 f   LIBCMTD:invarg.obj
 0002:00028b60       __invalid_parameter        10067b60 f   LIBCMTD:invarg.obj
 0002:00028bf0       __invoke_watson            10067bf0 f   LIBCMTD:invarg.obj
 0002:00028d90       __set_invalid_parameter_handler 10067d90 f   LIBCMTD:invarg.obj
 0002:00028df0       __get_invalid_parameter_handler 10067df0 f   LIBCMTD:invarg.obj
 0002:00028e30       ?_invalid_parameter@@YAXPBG00II@Z 10067e30 f   LIBCMTD:invarg.obj
 0002:00028e60       ?_invoke_watson@@YAXPBG00II@Z 10067e60 f   LIBCMTD:invarg.obj
 0002:00028e90       __CrtSetReportHookW2       10067e90 f   LIBCMTD:dbgrptw.obj
 0002:00029280       __CrtDbgReportW            10068280 f   LIBCMTD:dbgrptw.obj
 0002:000292d0       __CrtDbgReportWV           100682d0 f i LIBCMTD:dbgrptw.obj
 0002:00029300       ___crtMessageWindowW       10068300 f   LIBCMTD:dbgrptw.obj
 0002:00029800       __invoke_watson_if_oneof   10068800 f i LIBCMTD:dbgrptw.obj
 0002:00029860       ?_CrtDbgReportW@@YAHHPBGH00ZZ 10068860 f   LIBCMTD:dbgrptw.obj
 0002:000298b0       __except_handler4          100688b0 f   LIBCMTD:chandler4.obj
 0002:00029b60       _write                     10068b60 f   LIBCMTD:write.obj
 0002:00029b60       __write                    10068b60 f   LIBCMTD:write.obj
 0002:00029e10       __write_nolock             10068e10 f   LIBCMTD:write.obj
 0002:0002ac20       __chsize_s                 10069c20 f   LIBCMTD:chsize.obj
 0002:0002af60       __chsize_nolock            10069f60 f   LIBCMTD:chsize.obj
 0002:0002b290       __chsize                   1006a290 f   LIBCMTD:chsize.obj
 0002:0002b2c0       __read                     1006a2c0 f   LIBCMTD:read.obj
 0002:0002b2c0       _read                      1006a2c0 f   LIBCMTD:read.obj
 0002:0002b600       __read_nolock              1006a600 f   LIBCMTD:read.obj
 0002:0002c920       __close                    1006b920 f   LIBCMTD:close.obj
 0002:0002c920       _close                     1006b920 f   LIBCMTD:close.obj
 0002:0002cbc0       __close_nolock             1006bbc0 f   LIBCMTD:close.obj
 0002:0002ccc0       __lseek                    1006bcc0 f   LIBCMTD:lseek.obj
 0002:0002cf70       __lseek_nolock             1006bf70 f   LIBCMTD:lseek.obj
 0002:0002d080       __crt_waiting_on_module_handle 1006c080 f   LIBCMTD:crt0dat.obj
 0002:0002d0f0       __cinit                    1006c0f0 f   LIBCMTD:crt0dat.obj
 0002:0002d1c0       _exit                      1006c1c0 f   LIBCMTD:crt0dat.obj
 0002:0002d1e0       __exit                     1006c1e0 f   LIBCMTD:crt0dat.obj
 0002:0002d200       __cexit                    1006c200 f   LIBCMTD:crt0dat.obj
 0002:0002d220       __c_exit                   1006c220 f   LIBCMTD:crt0dat.obj
 0002:0002d240       __amsg_exit                1006c240 f   LIBCMTD:crt0dat.obj
 0002:0002d290       ___freeCrtMemory           1006c290 f   LIBCMTD:crt0dat.obj
 0002:0002d6b0       ___crtCorExitProcess       1006c6b0 f   LIBCMTD:crt0dat.obj
 0002:0002d700       ___crtExitProcess          1006c700 f   LIBCMTD:crt0dat.obj
 0002:0002d730       __lockexit                 1006c730 f   LIBCMTD:crt0dat.obj
 0002:0002d750       __unlockexit               1006c750 f   LIBCMTD:crt0dat.obj
 0002:0002d770       __init_pointers            1006c770 f   LIBCMTD:crt0dat.obj
 0002:0002d860       __initterm_e               1006c860 f   LIBCMTD:crt0dat.obj
 0002:0002d8b0       __get_wpgmptr              1006c8b0 f   LIBCMTD:crt0dat.obj
 0002:0002d9e0       __get_pgmptr               1006c9e0 f   LIBCMTD:crt0dat.obj
 0002:0002db10       __setmode                  1006cb10 f   LIBCMTD:setmode.obj
 0002:0002de40       __setmode_nolock           1006ce40 f   LIBCMTD:setmode.obj
 0002:0002e140       __set_fmode                1006d140 f   LIBCMTD:setmode.obj
 0002:0002e220       __get_fmode                1006d220 f   LIBCMTD:setmode.obj
 0002:0002e2c0       __flsbuf                   1006d2c0 f   LIBCMTD:_flsbuf.obj
 0002:0002e630       __output_l                 1006d630 f   LIBCMTD:output.obj
 0002:0002ff70       _get_int_arg               1006ef70 f i LIBCMTD:output.obj
 0002:0002ffa0       _get_int64_arg             1006efa0 f i LIBCMTD:output.obj
 0002:0002ffd0       _get_short_arg             1006efd0 f i LIBCMTD:output.obj
 0002:00030000       __vsnprintf_l              1006f000 f   LIBCMTD:vsnprint.obj
 0002:00030210       _vsnprintf                 1006f210 f   LIBCMTD:vsnprint.obj
 0002:00030210       __vsnprintf                1006f210 f   LIBCMTD:vsnprint.obj
 0002:00030240       _wcslen                    1006f240 f   LIBCMTD:wcslen.obj
 0002:00030280       @__security_check_cookie@4 1006f280 f   LIBCMTD:secchk.obj
 0002:000302a0       ___updatetmbcinfo          1006f2a0 f   LIBCMTD:mbctype.obj
 0002:000303f0       __setmbcp                  1006f3f0 f   LIBCMTD:mbctype.obj
 0002:00030880       __setmbcp_nolock           1006f880 f   LIBCMTD:mbctype.obj
 0002:00031260       __getmbcp                  10070260 f   LIBCMTD:mbctype.obj
 0002:000312f0       ___initmbctable            100702f0 f   LIBCMTD:mbctype.obj
 0002:00031320       ____setlc_active_func      10070320 f   LIBCMTD:setlocal.obj
 0002:00031330       ____unguarded_readlc_active_add_func 10070330 f   LIBCMTD:setlocal.obj
 0002:00031340       ___freetlocinfo            10070340 f   LIBCMTD:setlocal.obj
 0002:000316e0       ___addlocaleref            100706e0 f   LIBCMTD:setlocal.obj
 0002:00031850       ___removelocaleref         10070850 f   LIBCMTD:setlocal.obj
 0002:000319d0       ___updatetlocinfo          100709d0 f   LIBCMTD:setlocal.obj
 0002:00031b70       __configthreadlocale       10070b70 f   LIBCMTD:setlocal.obj
 0002:00031cc0       __locterm                  10070cc0 f   LIBCMTD:setlocal.obj
 0002:00031d80       __free_locale              10070d80 f   LIBCMTD:setlocal.obj
 0002:00031f10       ___free_locale             10070f10 f   LIBCMTD:setlocal.obj
 0002:00031f30       __create_locale            10070f30 f   LIBCMTD:setlocal.obj
 0002:000321e0       ___create_locale           100711e0 f   LIBCMTD:setlocal.obj
 0002:00032200       __get_current_locale       10071200 f   LIBCMTD:setlocal.obj
 0002:00032360       ___get_current_locale      10071360 f   LIBCMTD:setlocal.obj
 0002:00032370       _setlocale                 10071370 f   LIBCMTD:setlocal.obj
 0002:00033640       __expandlocale             10072640 f   LIBCMTD:setlocal.obj
 0002:00033990       ___init_dummy              10072990 f   LIBCMTD:setlocal.obj
 0002:000339a0       __strcats                  100729a0 f   LIBCMTD:setlocal.obj
 0002:00033a40       ___lc_strtolc              10072a40 f   LIBCMTD:setlocal.obj
 0002:00033cc0       ___lc_lctostr              10072cc0 f   LIBCMTD:setlocal.obj
 0002:00033d80       __encode_pointer           10072d80 f   LIBCMTD:tidtable.obj
 0002:00033e40       __crt_wait_module_handle   10072e40 f i LIBCMTD:tidtable.obj
 0002:00033e80       __encoded_null             10072e80 f   LIBCMTD:tidtable.obj
 0002:00033ea0       __decode_pointer           10072ea0 f   LIBCMTD:tidtable.obj
 0002:00033f60       ___crtTlsAlloc@4           10072f60 f   LIBCMTD:tidtable.obj
 0002:00033f80       ___fls_getvalue@4          10072f80 f   LIBCMTD:tidtable.obj
 0002:00033fb0       ___get_flsindex            10072fb0 f   LIBCMTD:tidtable.obj
 0002:00033fc0       ___set_flsgetvalue         10072fc0 f   LIBCMTD:tidtable.obj
 0002:00034020       ___fls_setvalue@8          10073020 f   LIBCMTD:tidtable.obj
 0002:00034050       __mtinit                   10073050 f   LIBCMTD:tidtable.obj
 0002:000342e0       __mtterm                   100732e0 f   LIBCMTD:tidtable.obj
 0002:00034350       __initptd                  10073350 f   LIBCMTD:tidtable.obj
 0002:00034500       __getptd_noexit            10073500 f   LIBCMTD:tidtable.obj
 0002:000345f0       __getptd                   100735f0 f   LIBCMTD:tidtable.obj
 0002:00034620       __freefls@4                10073620 f   LIBCMTD:tidtable.obj
 0002:000348b0       __freeptd                  100738b0 f   LIBCMTD:tidtable.obj
 0002:00034950       ___threadid                10073950 f   LIBCMTD:tidtable.obj
 0002:00034960       ___threadhandle            10073960 f   LIBCMTD:tidtable.obj
 0002:00034970       __malloc_dbg               10073970 f   LIBCMTD:dbgheap.obj
 0002:000349b0       __nh_malloc                100739b0 f   LIBCMTD:dbgheap.obj
 0002:000349e0       __nh_malloc_dbg            100739e0 f   LIBCMTD:dbgheap.obj
 0002:00034ad0       __heap_alloc               10073ad0 f   LIBCMTD:dbgheap.obj
 0002:00034f90       __heap_alloc_dbg           10073f90 f   LIBCMTD:dbgheap.obj
 0002:00035000       __calloc_dbg_impl          10074000 f   LIBCMTD:dbgheap.obj
 0002:00035100       __calloc_dbg               10074100 f   LIBCMTD:dbgheap.obj
 0002:00035170       __recalloc                 10074170 f   LIBCMTD:dbgheap.obj
 0002:000351b0       __realloc_dbg              100741b0 f   LIBCMTD:dbgheap.obj
 0002:000359f0       __recalloc_dbg             100749f0 f   LIBCMTD:dbgheap.obj
 0002:00035b30       __expand                   10074b30 f   LIBCMTD:dbgheap.obj
 0002:00035b60       __expand_dbg               10074b60 f   LIBCMTD:dbgheap.obj
 0002:00035cb0       __free_nolock              10074cb0 f   LIBCMTD:dbgheap.obj
 0002:00035cd0       __free_dbg                 10074cd0 f   LIBCMTD:dbgheap.obj
 0002:00035d70       __free_dbg_nolock          10074d70 f   LIBCMTD:dbgheap.obj
 0002:00036390       __msize                    10075390 f   LIBCMTD:dbgheap.obj
 0002:000363b0       __msize_dbg                100753b0 f   LIBCMTD:dbgheap.obj
 0002:00036610       __CrtSetBreakAlloc         10075610 f   LIBCMTD:dbgheap.obj
 0002:00036640       __CrtSetDbgBlockType       10075640 f   LIBCMTD:dbgheap.obj
 0002:00036760       __CrtSetAllocHook          10075760 f   LIBCMTD:dbgheap.obj
 0002:00036790       __CrtGetAllocHook          10075790 f   LIBCMTD:dbgheap.obj
 0002:00036800       __CrtCheckMemory           10075800 f   LIBCMTD:dbgheap.obj
 0002:00036d70       __CrtSetDbgFlag            10075d70 f   LIBCMTD:dbgheap.obj
 0002:00036f10       __CrtDoForAllClientObjects 10075f10 f   LIBCMTD:dbgheap.obj
 0002:00037080       __CrtIsValidPointer        10076080 f   LIBCMTD:dbgheap.obj
 0002:000370a0       __CrtIsValidHeapPointer    100760a0 f   LIBCMTD:dbgheap.obj
 0002:00037160       __CrtIsMemoryBlock         10076160 f   LIBCMTD:dbgheap.obj
 0002:00037330       __CrtReportBlockType       10076330 f   LIBCMTD:dbgheap.obj
 0002:00037370       __CrtSetDumpClient         10076370 f   LIBCMTD:dbgheap.obj
 0002:000373a0       __CrtGetDumpClient         100763a0 f   LIBCMTD:dbgheap.obj
 0002:000373b0       __CrtMemCheckpoint         100763b0 f   LIBCMTD:dbgheap.obj
 0002:00037650       __CrtMemDifference         10076650 f   LIBCMTD:dbgheap.obj
 0002:000378f0       __CrtMemDumpAllObjectsSince 100768f0 f   LIBCMTD:dbgheap.obj
 0002:00037f20       __CrtDumpMemoryLeaks       10076f20 f   LIBCMTD:dbgheap.obj
 0002:00037fb0       __CrtMemDumpStatistics     10076fb0 f   LIBCMTD:dbgheap.obj
 0002:00038100       __aligned_malloc           10077100 f   LIBCMTD:dbgheap.obj
 0002:00038130       __aligned_malloc_dbg       10077130 f   LIBCMTD:dbgheap.obj
 0002:00038160       __aligned_realloc          10077160 f   LIBCMTD:dbgheap.obj
 0002:00038190       __aligned_recalloc         10077190 f   LIBCMTD:dbgheap.obj
 0002:000381c0       __aligned_realloc_dbg      100771c0 f   LIBCMTD:dbgheap.obj
 0002:000381f0       __aligned_recalloc_dbg     100771f0 f   LIBCMTD:dbgheap.obj
 0002:00038230       __aligned_offset_malloc    10077230 f   LIBCMTD:dbgheap.obj
 0002:00038260       __aligned_offset_malloc_dbg 10077260 f   LIBCMTD:dbgheap.obj
 0002:00038470       __aligned_offset_realloc   10077470 f   LIBCMTD:dbgheap.obj
 0002:000384a0       __aligned_offset_recalloc  100774a0 f   LIBCMTD:dbgheap.obj
 0002:000384d0       __aligned_offset_realloc_dbg 100774d0 f   LIBCMTD:dbgheap.obj
 0002:00038850       __aligned_offset_recalloc_dbg 10077850 f   LIBCMTD:dbgheap.obj
 0002:000389a0       __aligned_free             100779a0 f   LIBCMTD:dbgheap.obj
 0002:000389c0       __aligned_free_dbg         100779c0 f   LIBCMTD:dbgheap.obj
 0002:00038aa0       __CrtSetDebugFillThreshold 10077aa0 f   LIBCMTD:dbgheap.obj
 0002:00038ad0       __CrtSetCheckCount         10077ad0 f   LIBCMTD:dbgheap.obj
 0002:00038af0       __CrtGetCheckCount         10077af0 f   LIBCMTD:dbgheap.obj
 0002:00038b00       __aligned_msize            10077b00 f   LIBCMTD:dbgheap.obj
 0002:00038b30       __aligned_msize_dbg        10077b30 f   LIBCMTD:dbgheap.obj
 0002:00038c80       _strcpy_s                  10077c80 f   LIBCMTD:strcpy_s.obj
 0002:00039010       ___sys_nerr                10078010 f   LIBCMTD:syserr.obj
 0002:00039020       ___sys_errlist             10078020 f   LIBCMTD:syserr.obj
 0002:00039030       _strncpy_s                 10078030 f   LIBCMTD:strncpy_s.obj
 0002:00039520       ___iob_func                10078520 f   LIBCMTD:_file.obj
 0002:00039530       ___initstdio               10078530 f   LIBCMTD:_file.obj
 0002:000396d0       ___endstdio                100786d0 f   LIBCMTD:_file.obj
 0002:00039710       __lock_file                10078710 f   LIBCMTD:_file.obj
 0002:00039780       __lock_file2               10078780 f   LIBCMTD:_file.obj
 0002:000397d0       __unlock_file              100787d0 f   LIBCMTD:_file.obj
 0002:00039840       __unlock_file2             10078840 f   LIBCMTD:_file.obj
 0002:00039890       __openfile                 10078890 f   LIBCMTD:_open.obj
 0002:0003a240       __getstream                10079240 f   LIBCMTD:stream.obj
 0002:0003a534       __local_unwind4            10079534 f   LIBCMTD:exsup4.obj
 0002:0003a60a       __seh_longjmp_unwind4@4    1007960a f   LIBCMTD:exsup4.obj
 0002:0003a626       @_EH4_CallFilterFunc@8     10079626 f   LIBCMTD:exsup4.obj
 0002:0003a63d       @_EH4_TransferToHandler@8  1007963d f   LIBCMTD:exsup4.obj
 0002:0003a656       @_EH4_GlobalUnwind@4       10079656 f   LIBCMTD:exsup4.obj
 0002:0003a670       @_EH4_LocalUnwind@16       10079670 f   LIBCMTD:exsup4.obj
 0002:0003a6e0       __filbuf                   100796e0 f   LIBCMTD:_filbuf.obj
 0002:0003a9c0       __fileno                   100799c0 f   LIBCMTD:fileno.obj
 0002:0003aa50       _memcpy_s                  10079a50 f   LIBCMTD:memcpy_s.obj
 0002:0003ac40       _fflush                    10079c40 f   LIBCMTD:fflush.obj
 0002:0003ad00       __fflush_nolock            10079d00 f   LIBCMTD:fflush.obj
 0002:0003ad70       __flush                    10079d70 f   LIBCMTD:fflush.obj
 0002:0003ae60       __flushall                 10079e60 f   LIBCMTD:fflush.obj
 0002:0003b090       __freebuf                  1007a090 f   LIBCMTD:_freebuf.obj
 0002:0003b140       __setenvp                  1007a140 f   LIBCMTD:stdenvp.obj
 0002:0003b350       __setargv                  1007a350 f   LIBCMTD:stdargv.obj
 0002:0003b4b0       __set_pgmptr               1007a4b0 f i LIBCMTD:stdargv.obj
 0002:0003b910       ___crtGetEnvironmentStringsA 1007a910 f   LIBCMTD:a_env.obj
 0002:0003bbb0       __RTC_Initialize           1007abb0 f   LIBCMTD:_initsect_.obj
 0002:0003bbe0       __RTC_Terminate            1007abe0 f   LIBCMTD:_initsect_.obj
 0002:0003bc10       ___heap_select             1007ac10 f   LIBCMTD:heapinit.obj
 0002:0003bc30       __heap_init                1007ac30 f   LIBCMTD:heapinit.obj
 0002:0003bcd0       __heap_term                1007acd0 f   LIBCMTD:heapinit.obj
 0002:0003bda0       __get_heap_handle          1007ada0 f   LIBCMTD:heapinit.obj
 0002:0003bdf0       ___security_init_cookie    1007adf0 f   LIBCMTD:gs_support.obj
 0002:0003bf10       __initp_misc_winxfltr      1007af10 f   LIBCMTD:winxfltr.obj
 0002:0003bf20       ___CppXcptFilter           1007af20 f   LIBCMTD:winxfltr.obj
 0002:0003bf50       __XcptFilter               1007af50 f   LIBCMTD:winxfltr.obj
 0002:0003c200       _DllMain@12                1007b200 f   LIBCMTD:dllmain.obj
 0002:0003c220       __mtinitlocks              1007b220 f   LIBCMTD:mlock.obj
 0002:0003c2d0       __mtdeletelocks            1007b2d0 f   LIBCMTD:mlock.obj
 0002:0003c3c0       __mtinitlocknum            1007b3c0 f   LIBCMTD:mlock.obj
 0002:0003c560       __lock                     1007b560 f   LIBCMTD:mlock.obj
 0002:0003c5b0       __unlock                   1007b5b0 f   LIBCMTD:mlock.obj
 0002:0003c5d0       __lockerr_exit             1007b5d0 f   LIBCMTD:mlock.obj
 0002:0003c600       __initp_misc_initcrit      1007b600 f   LIBCMTD:initcrit.obj
 0002:0003c620       ___crtInitCritSecAndSpinCount 1007b620 f   LIBCMTD:initcrit.obj
 0002:0003c6f0       __CrtDefaultAllocHook      1007b6f0 f   LIBCMTD:dbghook.obj
 0002:0003c700       __crt_debugger_hook        1007b700 f   LIBCMTD:dbghook.obj
 0002:0003c720       __CrtDbgBreak              1007b720 f   LIBCMTD:dbgrptt.obj
 0002:0003c730       __CrtSetReportMode         1007b730 f   LIBCMTD:dbgrptt.obj
 0002:0003c8c0       __CrtSetReportFile         1007b8c0 f   LIBCMTD:dbgrptt.obj
 0002:0003c9f0       __CrtSetReportHook         1007b9f0 f   LIBCMTD:dbgrptt.obj
 0002:0003ca20       __CrtGetReportHook         1007ba20 f   LIBCMTD:dbgrptt.obj
 0002:0003ca30       __VCrtDbgReportA           1007ba30 f   LIBCMTD:dbgrptt.obj
 0002:0003d460       __VCrtDbgReportW           1007c460 f   LIBCMTD:dbgrptt.obj
 0002:0003dfe0       __initp_misc_winsig        1007cfe0 f   LIBCMTD:winsig.obj
 0002:0003e020       _signal                    1007d020 f   LIBCMTD:winsig.obj
 0002:0003e5f0       _raise                     1007d5f0 f   LIBCMTD:winsig.obj
 0002:0003ea40       ___get_sigabrt             1007da40 f   LIBCMTD:winsig.obj
 0002:0003ea60       ___fpecode                 1007da60 f   LIBCMTD:winsig.obj
 0002:0003ea80       ___pxcptinfoptrs           1007da80 f   LIBCMTD:winsig.obj
 0002:0003eaa0       ___crtMessageBoxW          1007daa0 f   LIBCMTD:crtmboxw.obj
 0002:0003ed50       __swprintf                 1007dd50 f   LIBCMTD:swprintf.obj
 0002:0003efa0       ___swprintf_l              1007dfa0 f   LIBCMTD:swprintf.obj
 0002:0003efe0       _swprintf_s                1007dfe0 f   LIBCMTD:swprintf.obj
 0002:0003f020       __snwprintf_s              1007e020 f   LIBCMTD:swprintf.obj
 0002:0003f060       __swprintf_p               1007e060 f   LIBCMTD:swprintf.obj
 0002:0003f0a0       __swprintf_s_l             1007e0a0 f   LIBCMTD:swprintf.obj
 0002:0003f0e0       __snwprintf_s_l            1007e0e0 f   LIBCMTD:swprintf.obj
 0002:0003f120       __swprintf_p_l             1007e120 f   LIBCMTD:swprintf.obj
 0002:0003f160       __scwprintf                1007e160 f   LIBCMTD:swprintf.obj
 0002:0003f190       __scwprintf_p              1007e190 f   LIBCMTD:swprintf.obj
 0002:0003f1c0       __scwprintf_l              1007e1c0 f   LIBCMTD:swprintf.obj
 0002:0003f1f0       __scwprintf_p_l            1007e1f0 f   LIBCMTD:swprintf.obj
 0002:0003f220       _wcscpy_s                  1007e220 f   LIBCMTD:wcscpy_s.obj
 0002:0003f5c0       __ValidateImageBase        1007e5c0 f   LIBCMTD:pesect.obj
 0002:0003f640       __FindPESection            1007e640 f   LIBCMTD:pesect.obj
 0002:0003f6e0       __IsNonwritableInCurrentImage 1007e6e0 f   LIBCMTD:pesect.obj
 0002:0003f840       __putwch                   1007e840 f   LIBCMTD:putwch.obj
 0002:0003f8f0       __putwch_nolock            1007e8f0 f   LIBCMTD:putwch.obj
 0002:0003fa30       __cputws                   1007ea30 f   LIBCMTD:putwch.obj
 0002:0003fbd0       __mbtowc_l                 1007ebd0 f   LIBCMTD:mbtowc.obj
 0002:0003fe70       _mbtowc                    1007ee70 f   LIBCMTD:mbtowc.obj
 0002:0003fea0       __isleadbyte_l             1007eea0 f i LIBCMTD:_wctype.obj
 0002:0003ff00       _isleadbyte                1007ef00 f i LIBCMTD:_wctype.obj
 0002:0003ff20       __iswalpha_l               1007ef20 f i LIBCMTD:_wctype.obj
 0002:0003ff50       _iswalpha                  1007ef50 f i LIBCMTD:_wctype.obj
 0002:0003ff70       __iswupper_l               1007ef70 f i LIBCMTD:_wctype.obj
 0002:0003ff90       _iswupper                  1007ef90 f i LIBCMTD:_wctype.obj
 0002:0003ffb0       __iswlower_l               1007efb0 f i LIBCMTD:_wctype.obj
 0002:0003ffd0       _iswlower                  1007efd0 f i LIBCMTD:_wctype.obj
 0002:0003fff0       __iswdigit_l               1007eff0 f i LIBCMTD:_wctype.obj
 0002:00040010       _iswdigit                  1007f010 f i LIBCMTD:_wctype.obj
 0002:00040030       __iswxdigit_l              1007f030 f i LIBCMTD:_wctype.obj
 0002:00040060       _iswxdigit                 1007f060 f i LIBCMTD:_wctype.obj
 0002:00040080       __iswspace_l               1007f080 f i LIBCMTD:_wctype.obj
 0002:000400a0       _iswspace                  1007f0a0 f i LIBCMTD:_wctype.obj
 0002:000400c0       __iswpunct_l               1007f0c0 f i LIBCMTD:_wctype.obj
 0002:000400e0       _iswpunct                  1007f0e0 f i LIBCMTD:_wctype.obj
 0002:00040100       __iswalnum_l               1007f100 f i LIBCMTD:_wctype.obj
 0002:00040130       _iswalnum                  1007f130 f i LIBCMTD:_wctype.obj
 0002:00040150       __iswprint_l               1007f150 f i LIBCMTD:_wctype.obj
 0002:00040180       _iswprint                  1007f180 f i LIBCMTD:_wctype.obj
 0002:000401a0       __iswgraph_l               1007f1a0 f i LIBCMTD:_wctype.obj
 0002:000401d0       _iswgraph                  1007f1d0 f i LIBCMTD:_wctype.obj
 0002:000401f0       __iswcntrl_l               1007f1f0 f i LIBCMTD:_wctype.obj
 0002:00040210       _iswcntrl                  1007f210 f i LIBCMTD:_wctype.obj
 0002:00040230       _iswascii                  1007f230 f i LIBCMTD:_wctype.obj
 0002:00040250       __iswcsym_l                1007f250 f i LIBCMTD:_wctype.obj
 0002:000402a0       ___iswcsym                 1007f2a0 f i LIBCMTD:_wctype.obj
 0002:000402f0       __iswcsymf_l               1007f2f0 f i LIBCMTD:_wctype.obj
 0002:00040340       ___iswcsymf                1007f340 f i LIBCMTD:_wctype.obj
 0002:00040390       __isatty                   1007f390 f   LIBCMTD:isatty.obj
 0002:000404b0       __onexit                   1007f4b0 f   LIBCMTD:onexit.obj
 0002:00040700       _atexit                    1007f700 f   LIBCMTD:onexit.obj
 0002:00040730       ___onexitinit              1007f730 f   LIBCMTD:onexit.obj
 0002:000407a0       __initp_misc_cfltcvt_tab   1007f7a0 f   LIBCMTD:cmiscdat.obj
 0002:00040800       __FF_MSGBANNER             1007f800 f   LIBCMTD:crt0msg.obj
 0002:00040860       __NMSG_WRITE               1007f860 f   LIBCMTD:crt0msg.obj
 0002:00040ba0       __GET_RTERRMSG             1007fba0 f   LIBCMTD:crt0msg.obj
 0002:00040c00       __initp_eh_hooks           1007fc00 f   LIBCMTD:hooks.obj
 0002:00040c20       ?terminate@@YAXXZ          1007fc20 f   LIBCMTD:hooks.obj
 0002:00040cc0       ?unexpected@@YAXXZ         1007fcc0 f   LIBCMTD:hooks.obj
 0002:00040cf0       ?_inconsistency@@YAXXZ     1007fcf0 f   LIBCMTD:hooks.obj
 0002:00040da0       __initp_misc_rand_s        1007fda0 f   LIBCMTD:rand_s.obj
 0002:00040dc0       _rand_s                    1007fdc0 f   LIBCMTD:rand_s.obj
 0002:00041070       ___getlocaleinfo           10080070 f   LIBCMTD:inithelp.obj
 0002:000413c0       __initp_misc_purevirt      100803c0 f   LIBCMTD:inithelp.obj
 0002:000413e0       __initp_heap_handler       100803e0 f   LIBCMTD:handler.obj
 0002:00041400       ?_set_new_handler@@YAP6AHI@ZP6AHI@Z@Z 10080400 f   LIBCMTD:handler.obj
 0002:00041460       ?_set_new_handler@@YAP6AHI@ZH@Z 10080460 f   LIBCMTD:handler.obj
 0002:000414b0       ?_query_new_handler@@YAP6AHI@ZXZ 100804b0 f   LIBCMTD:handler.obj
 0002:000414d0       __callnewh                 100804d0 f   LIBCMTD:handler.obj
 0002:00041520       __getbuf                   10080520 f   LIBCMTD:_getbuf.obj
 0002:00041610       _printf                    10080610 f   LIBCMTD:printf.obj
 0002:000417a0       __printf_l                 100807a0 f   LIBCMTD:printf.obj
 0002:000417d0       __printf_s_l               100807d0 f   LIBCMTD:printf.obj
 0002:00041800       _printf_s                  10080800 f   LIBCMTD:printf.obj
 0002:00041830       __printf_p_l               10080830 f   LIBCMTD:printf.obj
 0002:00041860       __printf_p                 10080860 f   LIBCMTD:printf.obj
 0002:00041890       __set_printf_count_output  10080890 f   LIBCMTD:printf.obj
 0002:000418f0       __get_printf_count_output  100808f0 f   LIBCMTD:printf.obj
 0002:00041920       __wctomb_s_l               10080920 f   LIBCMTD:wctomb.obj
 0002:00041ce0       _wctomb_s                  10080ce0 f   LIBCMTD:wctomb.obj
 0002:00041d10       __wctomb_l                 10080d10 f   LIBCMTD:wctomb.obj
 0002:00041db0       _wctomb                    10080db0 f   LIBCMTD:wctomb.obj
 0002:00041e10       __aullrem                  10080e10 f   LIBCMTD:ullrem.obj
 0002:00041eb0       ___report_gsfailure        10080eb0 f   LIBCMTD:gs_report.obj
 0002:00042010       ?_JumpToContinuation@@YGXPAXPAUEHRegistrationNode@@@Z 10081010 f   LIBCMTD:_trnsctrl_.obj
 0002:00042060       ?_CallMemberFunction0@@YGXPAX0@Z 10081060 f   LIBCMTD:_trnsctrl_.obj
 0002:00042070       ?_CallMemberFunction1@@YGXPAX00@Z 10081070 f   LIBCMTD:_trnsctrl_.obj
 0002:00042080       ?_CallMemberFunction2@@YGXPAX00H@Z 10081080 f   LIBCMTD:_trnsctrl_.obj
 0002:00042090       ?_UnwindNestedFrames@@YGXPAUEHRegistrationNode@@PAUEHExceptionRecord@@@Z 10081090 f   LIBCMTD:_trnsctrl_.obj
 0002:00042100       ___CxxFrameHandler         10081100 f   LIBCMTD:_trnsctrl_.obj
 0002:00042150       ___CxxFrameHandler3        10081150 f   LIBCMTD:_trnsctrl_.obj
 0002:000421a0       ___CxxFrameHandler2        100811a0 f   LIBCMTD:_trnsctrl_.obj
 0002:000421f0       ___CxxLongjmpUnwind@4      100811f0 f   LIBCMTD:_trnsctrl_.obj
 0002:00042230       ?_CallCatchBlock2@@YAPAXPAUEHRegistrationNode@@PBU_s_FuncInfo@@PAXHK@Z 10081230 f   LIBCMTD:_trnsctrl_.obj
 0002:00042320       ?_CallSETranslator@@YAHPAUEHExceptionRecord@@PAUEHRegistrationNode@@PAX2PBU_s_FuncInfo@@H1@Z 10081320 f   LIBCMTD:_trnsctrl_.obj
 0002:00042530       ?_GetRangeOfTrysToCheck@@YAPBU_s_TryBlockMapEntry@@PBU_s_FuncInfo@@HHPAI1@Z 10081530 f   LIBCMTD:_trnsctrl_.obj
 0002:000425d0       __CreateFrameInfo          100815d0 f   LIBCMTD:_trnsctrl_.obj
 0002:00042610       __IsExceptionObjectToBeDestroyed 10081610 f   LIBCMTD:_trnsctrl_.obj
 0002:00042650       __FindAndUnlinkFrame       10081650 f   LIBCMTD:_trnsctrl_.obj
 0002:000426c0       ___crtLCMapStringA         100816c0 f   LIBCMTD:a_map.obj
 0002:00042d70       __MarkAllocaS              10081d70 f i LIBCMTD:a_map.obj
 0002:00042da0       __freea                    10081da0 f i LIBCMTD:a_map.obj
 0002:00042e80       ___crtGetStringTypeA       10081e80 f   LIBCMTD:a_str.obj
 0002:000431b0       ___pwctype_func            100821b0 f   LIBCMTD:ctype.obj
 0002:000431c0       ___pctype_func             100821c0 f   LIBCMTD:ctype.obj
 0002:00043220       ___init_time               10082220 f   LIBCMTD:inittime.obj
 0002:00043b00       ___free_lc_time            10082b00 f   LIBCMTD:inittime.obj
 0002:00043ed0       ___init_numeric            10082ed0 f   LIBCMTD:initnum.obj
 0002:00044300       ___free_lconv_num          10083300 f   LIBCMTD:initnum.obj
 0002:00044390       ___init_monetary           10083390 f   LIBCMTD:initmon.obj
 0002:000449d0       ___free_lconv_mon          100839d0 f   LIBCMTD:initmon.obj
 0002:00044b00       ___init_ctype              10083b00 f   LIBCMTD:initctyp.obj
 0002:00045220       ____mb_cur_max_func        10084220 f   LIBCMTD:initctyp.obj
 0002:00045280       ____mb_cur_max_l_func      10084280 f   LIBCMTD:initctyp.obj
 0002:000452c0       ____lc_codepage_func       100842c0 f   LIBCMTD:initctyp.obj
 0002:00045320       ____lc_collate_cp_func     10084320 f   LIBCMTD:initctyp.obj
 0002:00045380       ____lc_handle_func         10084380 f   LIBCMTD:initctyp.obj
 0002:000453e0       ___init_collate            100843e0 f   LIBCMTD:initcoll.obj
 0002:000453f0       __Getdays_l                100843f0 f   LIBCMTD:strftime.obj
 0002:00045620       __Getdays                  10084620 f   LIBCMTD:strftime.obj
 0002:00045640       __Getmonths_l              10084640 f   LIBCMTD:strftime.obj
 0002:00045870       __Getmonths                10084870 f   LIBCMTD:strftime.obj
 0002:00045890       __Gettnames_l              10084890 f   LIBCMTD:strftime.obj
 0002:00045f50       __Gettnames                10084f50 f   LIBCMTD:strftime.obj
 0002:00045f70       __strftime_l               10084f70 f   LIBCMTD:strftime.obj
 0002:00045fa0       _strftime                  10084fa0 f   LIBCMTD:strftime.obj
 0002:00045fd0       __Strftime                 10084fd0 f   LIBCMTD:strftime.obj
 0002:00046000       __Strftime_l               10085000 f   LIBCMTD:strftime.obj
 0002:00048580       _localeconv                10087580 f   LIBCMTD:lconv.obj
 0002:000485e0       _strcspn                   100875e0 f   LIBCMTD:strcspn.obj
 0002:00048640       _strncmp                   10087640 f   LIBCMTD:strncmp.obj
 0002:00048810       _strpbrk                   10087810 f   LIBCMTD:strpbrk.obj
 0002:00048860       _memcmp                    10087860 f   LIBCMTD:memcmp.obj
 0002:00049580       _strcat_s                  10088580 f   LIBCMTD:strcat_s.obj
 0002:00049a50       ___get_qualified_locale    10088a50 f   LIBCMTD:getqloc.obj
 0002:0004ac70       _V6_HeapAlloc              10089c70 f   LIBCMTD:malloc.obj
 0002:0004ad30       __malloc_base              10089d30 f   LIBCMTD:malloc.obj
 0002:0004ade0       __heap_alloc_base          10089de0 f i LIBCMTD:malloc.obj
 0002:0004aed0       __CrtSetReportHook2        10089ed0 f   LIBCMTD:dbgrpt.obj
 0002:0004b2c0       __CrtDbgReport             1008a2c0 f   LIBCMTD:dbgrpt.obj
 0002:0004b310       __CrtDbgReportV            1008a310 f i LIBCMTD:dbgrpt.obj
 0002:0004b340       ___crtMessageWindowA       1008a340 f   LIBCMTD:dbgrpt.obj
 0002:0004b840       __expand_base              1008a840 f   LIBCMTD:expand.obj
 0002:0004bbc0       __realloc_base             1008abc0 f   LIBCMTD:realloc.obj
 0002:0004c040       __free_base                1008b040 f   LIBCMTD:free.obj
 0002:0004c1b0       __heapchk                  1008b1b0 f   LIBCMTD:heapchk.obj
 0002:0004c2c0       __heapset                  1008b2c0 f   LIBCMTD:heapchk.obj
 0002:0004c2d0       __get_sbh_threshold        1008b2d0 f   LIBCMTD:sbheap.obj
 0002:0004c330       __set_sbh_threshold        1008b330 f   LIBCMTD:sbheap.obj
 0002:0004c530       __set_amblksiz             1008b530 f   LIBCMTD:sbheap.obj
 0002:0004c680       __get_amblksiz             1008b680 f   LIBCMTD:sbheap.obj
 0002:0004c7b0       ___sbh_heap_init           1008b7b0 f   LIBCMTD:sbheap.obj
 0002:0004c830       ___sbh_find_block          1008b830 f   LIBCMTD:sbheap.obj
 0002:0004c8a0       ___sbh_verify_block        1008b8a0 f   LIBCMTD:sbheap.obj
 0002:0004c910       ___sbh_free_block          1008b910 f   LIBCMTD:sbheap.obj
 0002:0004d040       ___sbh_alloc_block         1008c040 f   LIBCMTD:sbheap.obj
 0002:0004d6b0       ___sbh_alloc_new_region    1008c6b0 f   LIBCMTD:sbheap.obj
 0002:0004d810       ___sbh_alloc_new_group     1008c810 f   LIBCMTD:sbheap.obj
 0002:0004da80       ___sbh_resize_block        1008ca80 f   LIBCMTD:sbheap.obj
 0002:0004e1c0       ___sbh_heapmin             1008d1c0 f   LIBCMTD:sbheap.obj
 0002:0004e340       ___sbh_heap_check          1008d340 f   LIBCMTD:sbheap.obj
 0002:0004e970       _sprintf                   1008d970 f   LIBCMTD:sprintf.obj
 0002:0004eb50       __sprintf_l                1008db50 f   LIBCMTD:sprintf.obj
 0002:0004eb90       _sprintf_s                 1008db90 f   LIBCMTD:sprintf.obj
 0002:0004ebd0       __sprintf_s_l              1008dbd0 f   LIBCMTD:sprintf.obj
 0002:0004ec10       __snprintf_s               1008dc10 f   LIBCMTD:sprintf.obj
 0002:0004ec50       __snprintf_s_l             1008dc50 f   LIBCMTD:sprintf.obj
 0002:0004ec90       __sprintf_p                1008dc90 f   LIBCMTD:sprintf.obj
 0002:0004ecd0       __sprintf_p_l              1008dcd0 f   LIBCMTD:sprintf.obj
 0002:0004ed10       __scprintf                 1008dd10 f   LIBCMTD:sprintf.obj
 0002:0004ed40       __scprintf_p               1008dd40 f   LIBCMTD:sprintf.obj
 0002:0004ed70       __scprintf_l               1008dd70 f   LIBCMTD:sprintf.obj
 0002:0004eda0       __scprintf_p_l             1008dda0 f   LIBCMTD:sprintf.obj
 0002:0004edd0       __chvalidator              1008ddd0 f   LIBCMTD:isctype.obj
 0002:0004ee30       __chvalidator_l            1008de30 f   LIBCMTD:isctype.obj
 0002:0004ef10       __isctype_l                1008df10 f   LIBCMTD:isctype.obj
 0002:0004f070       __isctype                  1008e070 f   LIBCMTD:isctype.obj
 0002:0004f0c0       __fcloseall                1008e0c0 f   LIBCMTD:closeall.obj
 0002:0004f240       __open                     1008e240 f   LIBCMTD:open.obj
 0002:0004f240       _open                      1008e240 f   LIBCMTD:open.obj
 0002:0004f420       __sopen_helper             1008e420 f   LIBCMTD:open.obj
 0002:00050b10       __sopen                    1008fb10 f   LIBCMTD:open.obj
 0002:00050ba0       __sopen_s                  1008fba0 f   LIBCMTD:open.obj
 0002:00050bd0       __mbsnbicmp_l              1008fbd0 f   LIBCMTD:mbsnbicm.obj
 0002:000511a0       __mbsnbicmp                100901a0 f   LIBCMTD:mbsnbicm.obj
 0002:000511d0       __mbsnbcmp_l               100901d0 f   LIBCMTD:mbsnbcmp.obj
 0002:00051570       __mbsnbcmp                 10090570 f   LIBCMTD:mbsnbcmp.obj
 0002:00051594       __global_unwind2           10090594 f   LIBCMTD:exsup.obj
 0002:000515f9       __local_unwind2            100905f9 f   LIBCMTD:exsup.obj
 0002:0005167d       __abnormal_termination     1009067d f   LIBCMTD:exsup.obj
 0002:000516a0       __NLG_Notify1              100906a0 f   LIBCMTD:exsup.obj
 0002:000516a9       __NLG_Notify               100906a9 f   LIBCMTD:exsup.obj
 0002:000516c0       __NLG_Dispatch2            100906c0     LIBCMTD:exsup.obj
 0002:000516c0       __NLG_Dispatch             100906c0     LIBCMTD:exsup.obj
 0002:000516c8       __NLG_Call                 100906c8 f   LIBCMTD:exsup.obj
 0002:000516ca       __NLG_Return2              100906ca     LIBCMTD:exsup.obj
 0002:00051720       __commit                   10090720 f   LIBCMTD:commit.obj
 0002:000519c0       __ismbbkalnum_l            100909c0 f   LIBCMTD:ismbbyte.obj
 0002:000519f0       __ismbbkalnum              100909f0 f   LIBCMTD:ismbbyte.obj
 0002:00051a10       __ismbbkprint_l            10090a10 f   LIBCMTD:ismbbyte.obj
 0002:00051a40       __ismbbkprint              10090a40 f   LIBCMTD:ismbbyte.obj
 0002:00051a60       __ismbbkpunct_l            10090a60 f   LIBCMTD:ismbbyte.obj
 0002:00051a90       __ismbbkpunct              10090a90 f   LIBCMTD:ismbbyte.obj
 0002:00051ab0       __ismbbalnum_l             10090ab0 f   LIBCMTD:ismbbyte.obj
 0002:00051ae0       __ismbbalnum               10090ae0 f   LIBCMTD:ismbbyte.obj
 0002:00051b10       __ismbbalpha_l             10090b10 f   LIBCMTD:ismbbyte.obj
 0002:00051b40       __ismbbalpha               10090b40 f   LIBCMTD:ismbbyte.obj
 0002:00051b70       __ismbbgraph_l             10090b70 f   LIBCMTD:ismbbyte.obj
 0002:00051ba0       __ismbbgraph               10090ba0 f   LIBCMTD:ismbbyte.obj
 0002:00051bd0       __ismbbprint_l             10090bd0 f   LIBCMTD:ismbbyte.obj
 0002:00051c00       __ismbbprint               10090c00 f   LIBCMTD:ismbbyte.obj
 0002:00051c30       __ismbbpunct_l             10090c30 f   LIBCMTD:ismbbyte.obj
 0002:00051c60       __ismbbpunct               10090c60 f   LIBCMTD:ismbbyte.obj
 0002:00051c80       __ismbblead_l              10090c80 f   LIBCMTD:ismbbyte.obj
 0002:00051cb0       __ismbblead                10090cb0 f   LIBCMTD:ismbbyte.obj
 0002:00051cd0       __ismbbtrail_l             10090cd0 f   LIBCMTD:ismbbyte.obj
 0002:00051d00       __ismbbtrail               10090d00 f   LIBCMTD:ismbbyte.obj
 0002:00051d20       __ismbbkana_l              10090d20 f   LIBCMTD:ismbbyte.obj
 0002:00051db0       __ismbbkana                10090db0 f   LIBCMTD:ismbbyte.obj
 0002:00051ed0       __mbstowcs_l_helper        10090ed0 f   LIBCMTD:mbstowcs.obj
 0002:00052300       __mbstowcs_l               10091300 f   LIBCMTD:mbstowcs.obj
 0002:00052330       _mbstowcs                  10091330 f   LIBCMTD:mbstowcs.obj
 0002:00052390       __mbstowcs_s_l             10091390 f   LIBCMTD:mbstowcs.obj
 0002:000527f0       _mbstowcs_s                100917f0 f   LIBCMTD:mbstowcs.obj
 0002:00052820       __vsnprintf_helper         10091820 f   LIBCMTD:vsnprnc.obj
 0002:00052a60       __vsnprintf_c              10091a60 f   LIBCMTD:vsnprnc.obj
 0002:00052ac0       __vsnprintf_c_l            10091ac0 f   LIBCMTD:vsnprnc.obj
 0002:00052b20       __vsprintf_s_l             10091b20 f   LIBCMTD:vsnprnc.obj
 0002:00052e20       _vsprintf_s                10091e20 f   LIBCMTD:vsnprnc.obj
 0002:00052e50       __vsnprintf_s_l            10091e50 f   LIBCMTD:vsnprnc.obj
 0002:000532d0       __vsnprintf_s              100922d0 f   LIBCMTD:vsnprnc.obj
 0002:00053300       __vsprintf_p               10092300 f   LIBCMTD:vsnprnc.obj
 0002:00053360       __vsprintf_p_l             10092360 f   LIBCMTD:vsnprnc.obj
 0002:000533c0       __itoa_s                   100923c0 f   LIBCMTD:xtoas.obj
 0002:00053870       __ltoa_s                   10092870 f   LIBCMTD:xtoas.obj
 0002:000538c0       __ultoa_s                  100928c0 f   LIBCMTD:xtoas.obj
 0002:000538f0       __i64toa_s                 100928f0 f   LIBCMTD:xtoas.obj
 0002:00053df0       __ui64toa_s                10092df0 f   LIBCMTD:xtoas.obj
 0002:00053e20       _wcscat_s                  10092e20 f   LIBCMTD:wcscat_s.obj
 0002:00054300       __vswprintf_helper         10093300 f   LIBCMTD:vswprnc.obj
 0002:000545c0       __vswprintf_c              100935c0 f   LIBCMTD:vswprnc.obj
 0002:00054620       __vswprintf_c_l            10093620 f   LIBCMTD:vswprnc.obj
 0002:00054680       __vswprintf_s_l            10093680 f   LIBCMTD:vswprnc.obj
 0002:00054980       _vswprintf_s               10093980 f   LIBCMTD:vswprnc.obj
 0002:000549b0       __vsnwprintf_s_l           100939b0 f   LIBCMTD:vswprnc.obj
 0002:00054e50       __vsnwprintf_s             10093e50 f   LIBCMTD:vswprnc.obj
 0002:00054e80       __vswprintf_p              10093e80 f   LIBCMTD:vswprnc.obj
 0002:00054ee0       __vswprintf_p_l            10093ee0 f   LIBCMTD:vswprnc.obj
 0002:00054f40       __itow_s                   10093f40 f   LIBCMTD:xtows.obj
 0002:00055410       __ltow_s                   10094410 f   LIBCMTD:xtows.obj
 0002:00055460       __ultow_s                  10094460 f   LIBCMTD:xtows.obj
 0002:00055490       __i64tow_s                 10094490 f   LIBCMTD:xtows.obj
 0002:000559b0       __ui64tow_s                100949b0 f   LIBCMTD:xtows.obj
 0002:000559e0       __woutput_l                100949e0 f   LIBCMTD:woutput.obj
 0002:00057040       __vswprintf_l              10096040 f   LIBCMTD:vswprint.obj
 0002:00057280       __vswprintf                10096280 f   LIBCMTD:vswprint.obj
 0002:000572b0       ___vswprintf_l             100962b0 f   LIBCMTD:vswprint.obj
 0002:000572e0       __vscwprintf_helper        100962e0 f   LIBCMTD:vswprint.obj
 0002:000573d0       __vscwprintf               100963d0 f   LIBCMTD:vswprint.obj
 0002:00057400       __vscwprintf_l             10096400 f   LIBCMTD:vswprint.obj
 0002:00057430       __vscwprintf_p             10096430 f   LIBCMTD:vswprint.obj
 0002:00057460       __vscwprintf_p_l           10096460 f   LIBCMTD:vswprint.obj
 0002:00057490       ___initconin               10096490 f   LIBCMTD:initcon.obj
 0002:000574c0       ___initconout              100964c0 f   LIBCMTD:initcon.obj
 0002:000574f0       ___termcon                 100964f0 f   LIBCMTD:initcon.obj
 0002:00057550       __iswctype_l               10096550 f   LIBCMTD:iswctype.obj
 0002:00057620       _iswctype                  10096620 f   LIBCMTD:iswctype.obj
 0002:000576d0       _is_wctype                 100966d0 f   LIBCMTD:iswctype.obj
 0002:000576f0       _DebuggerKnownHandle       100966f0 f   LIBCMTD:_error_.obj
 0002:000577d0       ?_RTC_Failure@@YAXPAXH@Z   100967d0 f   LIBCMTD:_error_.obj
 0002:00057ba0       ?_RTC_StackFailure@@YAXPAXPBD@Z 10096ba0 f   LIBCMTD:_error_.obj
 0002:00057ce0       ?_RTC_AllocaFailure@@YAXPAXPAU_RTC_ALLOCA_NODE@@H@Z 10096ce0 f   LIBCMTD:_error_.obj
 0002:00057ef0       __RTC_UninitUse            10096ef0 f   LIBCMTD:_error_.obj
 0002:00058020       __fptrap                   10097020 f   LIBCMTD:crt0fp.obj
 0002:00058040       __set_error_mode           10097040 f   LIBCMTD:errmode.obj
 0002:00058130       ___set_app_type            10097130 f   LIBCMTD:errmode.obj
 0002:00058150       ___get_app_type            10097150 f   LIBCMTD:errmode.obj
 0002:00058160       ___crtMessageBoxA          10097160 f   LIBCMTD:crtmbox.obj
 0002:00058410       _abort                     10097410 f   LIBCMTD:abort.obj
 0002:00058590       __set_abort_behavior       10097590 f   LIBCMTD:abort.obj
 0002:000585d0       __isalpha_l                100975d0 f i LIBCMTD:_ctype.obj
 0002:00058680       _isalpha                   10097680 f i LIBCMTD:_ctype.obj
 0002:000586c0       __isupper_l                100976c0 f i LIBCMTD:_ctype.obj
 0002:00058760       _isupper                   10097760 f i LIBCMTD:_ctype.obj
 0002:000587a0       __islower_l                100977a0 f i LIBCMTD:_ctype.obj
 0002:00058840       _islower                   10097840 f i LIBCMTD:_ctype.obj
 0002:00058880       __isdigit_l                10097880 f i LIBCMTD:_ctype.obj
 0002:00058920       _isdigit                   10097920 f i LIBCMTD:_ctype.obj
 0002:00058960       __isxdigit_l               10097960 f i LIBCMTD:_ctype.obj
 0002:00058a10       _isxdigit                  10097a10 f i LIBCMTD:_ctype.obj
 0002:00058a50       __isspace_l                10097a50 f i LIBCMTD:_ctype.obj
 0002:00058af0       _isspace                   10097af0 f i LIBCMTD:_ctype.obj
 0002:00058b30       __ispunct_l                10097b30 f i LIBCMTD:_ctype.obj
 0002:00058bd0       _ispunct                   10097bd0 f i LIBCMTD:_ctype.obj
 0002:00058c10       __isalnum_l                10097c10 f i LIBCMTD:_ctype.obj
 0002:00058cc0       _isalnum                   10097cc0 f i LIBCMTD:_ctype.obj
 0002:00058d00       __isprint_l                10097d00 f i LIBCMTD:_ctype.obj
 0002:00058db0       _isprint                   10097db0 f i LIBCMTD:_ctype.obj
 0002:00058df0       __isgraph_l                10097df0 f i LIBCMTD:_ctype.obj
 0002:00058ea0       _isgraph                   10097ea0 f i LIBCMTD:_ctype.obj
 0002:00058ee0       __iscntrl_l                10097ee0 f i LIBCMTD:_ctype.obj
 0002:00058f80       _iscntrl                   10097f80 f i LIBCMTD:_ctype.obj
 0002:00058fc0       ___isascii                 10097fc0 f i LIBCMTD:_ctype.obj
 0002:00058fe0       ___toascii                 10097fe0 f i LIBCMTD:_ctype.obj
 0002:00058ff0       __iscsymf_l                10097ff0 f i LIBCMTD:_ctype.obj
 0002:00059040       ___iscsymf                 10098040 f i LIBCMTD:_ctype.obj
 0002:00059080       __iscsym_l                 10098080 f i LIBCMTD:_ctype.obj
 0002:000590d0       ___iscsym                  100980d0 f i LIBCMTD:_ctype.obj
 0002:00059120       ___crtGetLocaleInfoW       10098120 f   LIBCMTD:w_loc.obj
 0002:000591b0       ___crtGetLocaleInfoA       100981b0 f   LIBCMTD:a_loc.obj
 0002:00059400       __stbuf                    10098400 f   LIBCMTD:_sftbuf.obj
 0002:000595b0       __ftbuf                    100985b0 f   LIBCMTD:_sftbuf.obj
 0002:00059660       _vprintf_helper            10098660 f   LIBCMTD:vprintf.obj
 0002:000597c0       __vprintf_l                100987c0 f   LIBCMTD:vprintf.obj
 0002:000597f0       __vprintf_s_l              100987f0 f   LIBCMTD:vprintf.obj
 0002:00059820       __vprintf_p_l              10098820 f   LIBCMTD:vprintf.obj
 0002:00059850       _vprintf                   10098850 f   LIBCMTD:vprintf.obj
 0002:00059880       _vprintf_s                 10098880 f   LIBCMTD:vprintf.obj
 0002:000598b0       __vprintf_p                100988b0 f   LIBCMTD:vprintf.obj
 0002:000598e0       ___InternalCxxFrameHandler 100988e0 f   LIBCMTD:frame.obj
 0002:0005a050       ??0bad_exception@std@@QAE@PBD@Z 10099050 f i LIBCMTD:frame.obj
 0002:0005a080       ??1bad_exception@std@@UAE@XZ 10099080 f i LIBCMTD:frame.obj
 0002:0005a0b0       ??_Ebad_exception@std@@UAEPAXI@Z 100990b0 f i LIBCMTD:frame.obj
 0002:0005a0b0       ??_Gbad_exception@std@@UAEPAXI@Z 100990b0 f i LIBCMTD:frame.obj
 0002:0005a0f0       ??0bad_exception@std@@QAE@ABV01@@Z 100990f0 f i LIBCMTD:frame.obj
 0002:0005a300       ___TypeMatch               10099300 f   LIBCMTD:frame.obj
 0002:0005a3e0       ___FrameUnwindFilter       100993e0 f   LIBCMTD:frame.obj
 0002:0005a470       ___FrameUnwindToState      10099470 f   LIBCMTD:frame.obj
 0002:0005ab00       ___BuildCatchObjectHelper  10099b00 f   LIBCMTD:frame.obj
 0002:0005ae10       ___BuildCatchObject        10099e10 f   LIBCMTD:frame.obj
 0002:0005af60       ___DestructExceptionObject 10099f60 f   LIBCMTD:frame.obj
 0002:0005b040       ___AdjustPointer           1009a040 f   LIBCMTD:frame.obj
 0002:0005b0a0       ?__uncaught_exception@@YA_NXZ 1009a0a0 f   LIBCMTD:frame.obj
 0002:0005b0c0       ___CxxExceptionFilter      1009a0c0 f   LIBCMTD:frame.obj
 0002:0005b320       ___CxxRegisterExceptionObject 1009a320 f   LIBCMTD:frame.obj
 0002:0005b4a0       ___CxxDetectRethrow        1009a4a0 f   LIBCMTD:frame.obj
 0002:0005b550       ___CxxUnregisterExceptionObject 1009a550 f   LIBCMTD:frame.obj
 0002:0005b730       ___CxxQueryExceptionSize   1009a730 f   LIBCMTD:frame.obj
 0002:0005b740       ___CxxCallUnwindDtor       1009a740 f   LIBCMTD:frame.obj
 0002:0005b7e0       ___CxxCallUnwindDelDtor    1009a7e0 f   LIBCMTD:frame.obj
 0002:0005b880       ___CxxCallUnwindStdDelDtor 1009a880 f   LIBCMTD:frame.obj
 0002:0005b920       ___CxxCallUnwindVecDtor    1009a920 f   LIBCMTD:frame.obj
 0002:0005bbf0       ?_is_exception_typeof@@YAHABVtype_info@@PAU_EXCEPTION_POINTERS@@@Z 1009abf0 f   LIBCMTD:frame.obj
 0002:0005bd00       __CallSettingFrame@12      1009ad00 f   LIBCMTD:lowhelpr.obj
 0002:0005bd27       __NLG_Return               1009ad27     LIBCMTD:lowhelpr.obj
 0002:0005bd60       ___ansicp                  1009ad60 f   LIBCMTD:convrtcp.obj
 0002:0005bdd0       ___convertcp               1009add0 f   LIBCMTD:convrtcp.obj
 0002:0005c0b0       __get_daylight             1009b0b0 f   LIBCMTD:timeset.obj
 0002:0005c150       __get_dstbias              1009b150 f   LIBCMTD:timeset.obj
 0002:0005c1f0       __get_timezone             1009b1f0 f   LIBCMTD:timeset.obj
 0002:0005c290       __get_tzname               1009b290 f   LIBCMTD:timeset.obj
 0002:0005c4e0       ___daylight                1009b4e0 f   LIBCMTD:timeset.obj
 0002:0005c4f0       ___dstbias                 1009b4f0 f   LIBCMTD:timeset.obj
 0002:0005c500       ___timezone                1009b500 f   LIBCMTD:timeset.obj
 0002:0005c510       ___tzname                  1009b510 f   LIBCMTD:timeset.obj
 0002:0005c520       ___tzset                   1009b520 f   LIBCMTD:tzset.obj
 0002:0005c5e0       __tzset                    1009b5e0 f   LIBCMTD:tzset.obj
 0002:0005ccf0       __set_daylight             1009bcf0 f i LIBCMTD:tzset.obj
 0002:0005cd10       __set_dstbias              1009bd10 f i LIBCMTD:tzset.obj
 0002:0005cd30       __set_timezone             1009bd30 f i LIBCMTD:tzset.obj
 0002:0005cd50       __isindst                  1009bd50 f   LIBCMTD:tzset.obj
 0002:0005d5a0       __stricmp_l                1009c5a0 f   LIBCMTD:stricmp.obj
 0002:0005d7b0       ___ascii_stricmp           1009c7b0 f   LIBCMTD:stricmp.obj
 0002:0005d840       __stricmp                  1009c840 f   LIBCMTD:stricmp.obj
 0002:0005d990       __strnicmp_l               1009c990 f   LIBCMTD:strnicmp.obj
 0002:0005dc60       __strnicmp                 1009cc60 f   LIBCMTD:strnicmp.obj
 0002:0005de50       _atol                      1009ce50 f   LIBCMTD:atox.obj
 0002:0005de70       __atol_l                   1009ce70 f   LIBCMTD:atox.obj
 0002:0005dea0       _atoi                      1009cea0 f   LIBCMTD:atox.obj
 0002:0005dec0       __atoi_l                   1009cec0 f   LIBCMTD:atox.obj
 0002:0005dee0       __atoi64                   1009cee0 f   LIBCMTD:atox.obj
 0002:0005df00       __atoi64_l                 1009cf00 f   LIBCMTD:atox.obj
 0002:0005df30       _memmove                   1009cf30 f   LIBCMTD:memmove.obj
 0002:0005e370       __vsprintf_l               1009d370 f   LIBCMTD:vsprintf.obj
 0002:0005e540       _vsprintf                  1009d540 f   LIBCMTD:vsprintf.obj
 0002:0005e570       __vscprintf_helper         1009d570 f   LIBCMTD:vsprintf.obj
 0002:0005e660       __vscprintf                1009d660 f   LIBCMTD:vsprintf.obj
 0002:0005e690       __vscprintf_l              1009d690 f   LIBCMTD:vsprintf.obj
 0002:0005e6c0       __vscprintf_p              1009d6c0 f   LIBCMTD:vsprintf.obj
 0002:0005e6f0       __vscprintf_p_l            1009d6f0 f   LIBCMTD:vsprintf.obj
 0002:0005e720       __output_s_l               1009d720 f   LIBCMTD:outputs.obj
 0002:00060210       __validate_param_reuseA    1009f210 f   LIBCMTD:outputp.obj
 0002:00060520       __output_p_l               1009f520 f   LIBCMTD:outputp.obj
 0002:00064fe0       _get_crtdouble_arg         100a3fe0 f i LIBCMTD:outputp.obj
 0002:00065010       __woutput_s_l              100a4010 f   LIBCMTD:woutputs.obj
 0002:00066820       __validate_param_reuseW    100a5820 f   LIBCMTD:woutputp.obj
 0002:00066b30       __woutput_p_l              100a5b30 f   LIBCMTD:woutputp.obj
 0002:0006b080       _fputwc                    100aa080 f   LIBCMTD:fputwc.obj
 0002:0006b1c0       __fputwc_nolock            100aa1c0 f   LIBCMTD:fputwc.obj
 0002:0006b560       _putwc                     100aa560 f   LIBCMTD:fputwc.obj
 0002:0006b580       ___crtGetStringTypeW       100aa580 f   LIBCMTD:w_str.obj
 0002:0006b620       ?_RTC_GetSrcLine@@YAHPAEPA_WKPAH1K@Z 100aa620 f   LIBCMTD:_pdblkup_.obj
 0002:0006bbe0       __RTC_NumErrors            100aabe0 f   LIBCMTD:_userapi_.obj
 0002:0006bbf0       __RTC_GetErrDesc           100aabf0 f   LIBCMTD:_userapi_.obj
 0002:0006bc10       __RTC_SetErrorType         100aac10 f   LIBCMTD:_userapi_.obj
 0002:0006bc40       __RTC_SetErrorFunc         100aac40 f   LIBCMTD:_userapi_.obj
 0002:0006bc70       __RTC_SetErrorFuncW        100aac70 f   LIBCMTD:_userapi_.obj
 0002:0006bca0       ?_RTC_GetErrorFunc@@YAP6AHHPBDH00ZZPBX@Z 100aaca0 f   LIBCMTD:_userapi_.obj
 0002:0006bcb0       ?_RTC_GetErrorFuncW@@YAP6AHHPB_WH00ZZPBX@Z 100aacb0 f   LIBCMTD:_userapi_.obj
 0002:0006bcc0       ?_ValidateRead@@YAHPBXI@Z  100aacc0 f   LIBCMTD:validate.obj
 0002:0006bcf0       ?_ValidateWrite@@YAHPAXI@Z 100aacf0 f   LIBCMTD:validate.obj
 0002:0006bd20       ?_ValidateExecute@@YAHP6GHXZ@Z 100aad20 f   LIBCMTD:validate.obj
 0002:0006bd50       __CxxThrowException@8      100aad50 f   LIBCMTD:throw.obj
 0002:0006bdc0       ?name@type_info@@QBEPBDPAU__type_info_node@@@Z 100aadc0 f   LIBCMTD:typinfo.obj
 0002:0006bdf0       ??1type_info@@UAE@XZ       100aadf0 f   LIBCMTD:typinfo.obj
 0002:0006be20       ??_Etype_info@@UAEPAXI@Z   100aae20 f i LIBCMTD:typinfo.obj
 0002:0006be20       ??_Gtype_info@@UAEPAXI@Z   100aae20 f i LIBCMTD:typinfo.obj
 0002:0006be60       ?_name_internal_method@type_info@@QBEPBDPAU__type_info_node@@@Z 100aae60 f   LIBCMTD:typinfo.obj
 0002:0006be90       ?_type_info_dtor_internal_method@type_info@@QAEXXZ 100aae90 f   LIBCMTD:typinfo.obj
 0002:0006beb0       ??8type_info@@QBE_NABV0@@Z 100aaeb0 f   LIBCMTD:typinfo.obj
 0002:0006bef0       ??9type_info@@QBE_NABV0@@Z 100aaef0 f   LIBCMTD:typinfo.obj
 0002:0006bf30       ?before@type_info@@QBEHABV1@@Z 100aaf30 f   LIBCMTD:typinfo.obj
 0002:0006bf70       ?raw_name@type_info@@QBEPBDXZ 100aaf70 f   LIBCMTD:typinfo.obj
 0002:0006bf90       ??0type_info@@AAE@ABV0@@Z  100aaf90 f   LIBCMTD:typinfo.obj
 0002:0006bfc0       ??4type_info@@AAEAAV0@ABV0@@Z 100aafc0 f   LIBCMTD:typinfo.obj
 0002:0006bfe0       ??0exception@std@@QAE@XZ   100aafe0 f   LIBCMTD:stdexcpt.obj
 0002:0006c020       ??_Eexception@std@@UAEPAXI@Z 100ab020 f i LIBCMTD:stdexcpt.obj
 0002:0006c020       ??_Gexception@std@@UAEPAXI@Z 100ab020 f i LIBCMTD:stdexcpt.obj
 0002:0006c060       ??0exception@std@@QAE@ABQBD@Z 100ab060 f   LIBCMTD:stdexcpt.obj
 0002:0006c110       ??0exception@std@@QAE@ABQBDH@Z 100ab110 f   LIBCMTD:stdexcpt.obj
 0002:0006c150       ??0exception@std@@QAE@ABV01@@Z 100ab150 f   LIBCMTD:stdexcpt.obj
 0002:0006c220       ??4exception@std@@QAEAAV01@ABV01@@Z 100ab220 f   LIBCMTD:stdexcpt.obj
 0002:0006c2f0       ??1exception@std@@UAE@XZ   100ab2f0 f   LIBCMTD:stdexcpt.obj
 0002:0006c330       ?what@exception@std@@UBEPBDXZ 100ab330 f   LIBCMTD:stdexcpt.obj
 0002:0006c360       ??0bad_cast@std@@QAE@PBD@Z 100ab360 f   LIBCMTD:stdexcpt.obj
 0002:0006c390       ??_Ebad_cast@std@@UAEPAXI@Z 100ab390 f i LIBCMTD:stdexcpt.obj
 0002:0006c390       ??_Gbad_cast@std@@UAEPAXI@Z 100ab390 f i LIBCMTD:stdexcpt.obj
 0002:0006c3d0       ??0bad_cast@std@@QAE@ABV01@@Z 100ab3d0 f   LIBCMTD:stdexcpt.obj
 0002:0006c400       ??1bad_cast@std@@UAE@XZ    100ab400 f   LIBCMTD:stdexcpt.obj
 0002:0006c430       ??0bad_typeid@std@@QAE@PBD@Z 100ab430 f   LIBCMTD:stdexcpt.obj
 0002:0006c460       ??_Ebad_typeid@std@@UAEPAXI@Z 100ab460 f i LIBCMTD:stdexcpt.obj
 0002:0006c460       ??_Gbad_typeid@std@@UAEPAXI@Z 100ab460 f i LIBCMTD:stdexcpt.obj
 0002:0006c4a0       ??0bad_typeid@std@@QAE@ABV01@@Z 100ab4a0 f   LIBCMTD:stdexcpt.obj
 0002:0006c4d0       ??1bad_typeid@std@@UAE@XZ  100ab4d0 f   LIBCMTD:stdexcpt.obj
 0002:0006c500       ??0__non_rtti_object@std@@QAE@PBD@Z 100ab500 f   LIBCMTD:stdexcpt.obj
 0002:0006c530       ??_E__non_rtti_object@std@@UAEPAXI@Z 100ab530 f i LIBCMTD:stdexcpt.obj
 0002:0006c530       ??_G__non_rtti_object@std@@UAEPAXI@Z 100ab530 f i LIBCMTD:stdexcpt.obj
 0002:0006c570       ??0__non_rtti_object@std@@QAE@ABV01@@Z 100ab570 f   LIBCMTD:stdexcpt.obj
 0002:0006c5a0       ??1__non_rtti_object@std@@UAE@XZ 100ab5a0 f   LIBCMTD:stdexcpt.obj
 0002:0006c5d0       ??3@YAXPAX@Z               100ab5d0 f   LIBCMTD:dbgdel.obj
 0002:0006c6f0       _getenv                    100ab6f0 f   LIBCMTD:getenv.obj
 0002:0006c8a0       __getenv_helper_nolock     100ab8a0 f   LIBCMTD:getenv.obj
 0002:0006ca00       _getenv_s                  100aba00 f   LIBCMTD:getenv.obj
 0002:0006ccb0       __dupenv_s                 100abcb0 f   LIBCMTD:getenv.obj
 0002:0006cce0       __dupenv_s_dbg             100abce0 f   LIBCMTD:getenv.obj
 0002:0006cfc0       __tolower                  100abfc0 f   LIBCMTD:tolower.obj
 0002:0006cfd0       __tolower_l                100abfd0 f   LIBCMTD:tolower.obj
 0002:0006d220       _tolower                   100ac220 f   LIBCMTD:tolower.obj
 0002:0006d280       ___ascii_strnicmp          100ac280 f   LIBCMTD:_strnicm.obj
 0002:0006d300       _strtol                    100ac300 f   LIBCMTD:strtol.obj
 0002:0006d980       __strtol_l                 100ac980 f   LIBCMTD:strtol.obj
 0002:0006d9b0       _strtoul                   100ac9b0 f   LIBCMTD:strtol.obj
 0002:0006da10       __strtoul_l                100aca10 f   LIBCMTD:strtol.obj
 0002:0006da40       __strtoi64                 100aca40 f   LIBCMTD:strtoq.obj
 0002:0006e110       __strtoi64_l               100ad110 f   LIBCMTD:strtoq.obj
 0002:0006e140       __strtoui64                100ad140 f   LIBCMTD:strtoq.obj
 0002:0006e1a0       __strtoui64_l              100ad1a0 f   LIBCMTD:strtoq.obj
 0002:0006e1d0       _wcstol                    100ad1d0 f   LIBCMTD:wcstol.obj
 0002:0006e770       __wcstol_l                 100ad770 f   LIBCMTD:wcstol.obj
 0002:0006e7a0       _wcstoul                   100ad7a0 f   LIBCMTD:wcstol.obj
 0002:0006e800       __wcstoul_l                100ad800 f   LIBCMTD:wcstol.obj
 0002:0006e830       __flswbuf                  100ad830 f   LIBCMTD:_flswbuf.obj
 0002:0006ebc0       ?_Type_info_dtor@type_info@@CAXPAV1@@Z 100adbc0 f   LIBCMTD:typname.obj
 0002:0006ed10       ?_Name_base@type_info@@CAPBDPBV1@PAU__type_info_node@@@Z 100add10 f   LIBCMTD:typname.obj
 0002:0006ef20       ?_Type_info_dtor_internal@type_info@@CAXPAV1@@Z 100adf20 f   LIBCMTD:typname.obj
 0002:0006f070       ___unDNameHelper           100ae070 f   LIBCMTD:typname.obj
 0002:0006f0c0       ?_Name_base_internal@type_info@@CAPBDPBV1@PAU__type_info_node@@@Z 100ae0c0 f   LIBCMTD:typname.obj
 0002:0006f2f0       ___clean_type_info_names_internal 100ae2f0 f   LIBCMTD:typname.obj
 0002:0006f3d0       _strnlen                   100ae3d0 f   LIBCMTD:strlen_s.obj
 0002:0006f420       __mbsnbicoll_l             100ae420 f   LIBCMTD:mbsnbico.obj
 0002:0006f6f0       __mbsnbicoll               100ae6f0 f   LIBCMTD:mbsnbico.obj
 0002:0006f720       ___wtomb_environ           100ae720 f   LIBCMTD:wtombenv.obj
 0002:0006f850       __wchartodigit             100ae850 f   LIBCMTD:wchtodig.obj
 0002:0006fc40       ___unDName                 100aec40 f   LIBCMTD:undname.obj
 0002:0006fd50       ?Constructor@HeapManager@@QAEXP6APAXI@ZP6AXPAX@Z@Z 100aed50 f i LIBCMTD:undname.obj
 0002:0006fda0       ?Destructor@HeapManager@@QAEXXZ 100aeda0 f i LIBCMTD:undname.obj
 0002:0006fe00       ___unDNameEx               100aee00 f   LIBCMTD:undname.obj
 0002:0006ff10       ??0UnDecorator@@QAE@PADPBDHP6APADJ@ZK@Z 100aef10 f i LIBCMTD:undname.obj
 0002:0006ffd0       ??BUnDecorator@@QAEPADXZ   100aefd0 f i LIBCMTD:undname.obj
 0002:00070290       ?dbGetString@DName@@QBEPADXZ 100af290 f   LIBCMTD:undname.obj
 0002:000702c0       ?getDecoratedName@UnDecorator@@CA?AVDName@@XZ 100af2c0 f   LIBCMTD:undname.obj
 0002:000706a0       ?getSymbolName@UnDecorator@@CA?AVDName@@XZ 100af6a0 f i LIBCMTD:undname.obj
 0002:00070730       ?getZName@UnDecorator@@CA?AVDName@@_N0@Z 100af730 f   LIBCMTD:undname.obj
[...]
 0004:00000268       __lookuptrailbytes         100d7268     LIBCMTD:read.obj
 0004:0000039c       __aexit_rtn                100d739c     LIBCMTD:crt0dat.obj
 0004:000003a0       ___nullstring              100d73a0     LIBCMTD:output.obj
 0004:000003a4       ___wnullstring             100d73a4     LIBCMTD:output.obj
 0004:000003b0       ___initialmbcinfo          100d73b0     LIBCMTD:mbctype.obj
 0004:000005d0       __mbctype                  100d75d0     LIBCMTD:mbctype.obj
 0004:000006d8       __mbcasemap                100d76d8     LIBCMTD:mbctype.obj
 0004:000007d8       ___ptmbcinfo               100d77d8     LIBCMTD:mbctype.obj
 0004:000009dc       ___globallocalestatus      100d79dc     LIBCMTD:glstatus.obj
 0004:000009e0       ___clocalestr              100d79e0     LIBCMTD:nlsdata2.obj
 0004:000009e8       ___initiallocinfo          100d79e8     LIBCMTD:nlsdata2.obj
 0004:00000ac0       ___ptlocinfo               100d7ac0     LIBCMTD:nlsdata2.obj
 0004:00000ac4       ___lc_clike                100d7ac4     LIBCMTD:nlsdata2.obj
 0004:00000ac8       ___initiallocalestructinfo 100d7ac8     LIBCMTD:nlsdata2.obj
 0004:00000b00       ___flsindex                100d7b00     LIBCMTD:tidtable.obj
 0004:00000b04       ___getvalueindex           100d7b04     LIBCMTD:tidtable.obj
 0004:00000b0c       __crtDbgFlag               100d7b0c     LIBCMTD:dbgheap.obj
 0004:00000b10       ___crtDebugFillThreshold   100d7b10     LIBCMTD:dbgheap.obj
 0004:00000b18       __crtBreakAlloc            100d7b18     LIBCMTD:dbgheap.obj
 0004:00000b28       __sys_errlist              100d7b28     LIBCMTD:syserr.obj
 0004:00000bd8       __sys_nerr                 100d7bd8     LIBCMTD:syserr.obj
 0004:00000c00       __iob                      100d7c00     LIBCMTD:_file.obj
 0004:00000f00       __amblksiz                 100d7f00     LIBCMTD:heapinit.obj
 0004:00000f04       __First_FPE_Indx           100d7f04     LIBCMTD:winxfltr.obj
 0004:00000f08       __Num_FPE                  100d7f08     LIBCMTD:winxfltr.obj
 0004:00000f0c       __XcptActTabSize           100d7f0c     LIBCMTD:winxfltr.obj
 0004:00000f10       __XcptActTabCount          100d7f10     LIBCMTD:winxfltr.obj
 0004:00001074       __pfnAllocHook             100d8074     LIBCMTD:dbghook.obj
 0004:00001078       __crtAssertBusy            100d8078     LIBCMTD:dbgrptt.obj
 0004:0000107c       __CrtDbgMode               100d807c     LIBCMTD:dbgrptt.obj
 0004:00001088       __CrtDbgFile               100d8088     LIBCMTD:dbgrptt.obj
 0004:000010a4       __cfltcvt_tab              100d80a4     LIBCMTD:cmiscdat.obj
 0004:000011c0       __pctype                   100d81c0     LIBCMTD:ctype.obj
 0004:000011c4       __pwctype                  100d81c4     LIBCMTD:ctype.obj
 0004:000011d0       ___lc_time_c               100d81d0     LIBCMTD:strftime.obj
 0004:000012ac       ___lc_time_curr            100d82ac     LIBCMTD:strftime.obj
 0004:000012b0       ___lconv_static_decimal    100d82b0     LIBCMTD:lconv.obj
 0004:000012b4       ___lconv_c                 100d82b4     LIBCMTD:lconv.obj
 0004:000012e4       ___lconv                   100d82e4     LIBCMTD:lconv.obj
 0004:000012f4       ___mb_cur_max              100d82f4     LIBCMTD:nlsdata1.obj
 0004:000012f8       ___decimal_point           100d82f8     LIBCMTD:nlsdata1.obj
 0004:000012fc       ___decimal_point_length    100d82fc     LIBCMTD:nlsdata1.obj
 0004:00001314       __NLG_Destination          100d8314     LIBCMTD:exsup.obj
 0004:00001328       __coninpfh                 100d8328     LIBCMTD:initcon.obj
 0004:0000132c       __confh                    100d832c     LIBCMTD:initcon.obj
 0004:00001334       ?_RTC_ErrorLevels@@3PAHA   100d8334     LIBCMTD:_error_.obj
 0004:0000134c       ___abort_behavior          100d834c     LIBCMTD:abort.obj
 0004:00001354       ??_R0?AVbad_exception@std@@@8 100d8354     LIBCMTD:frame.obj
 0004:0000137c       ??_R0?AVexception@std@@@8  100d837c     LIBCMTD:frame.obj
 0004:000013a0       __timezone                 100d83a0     LIBCMTD:timeset.obj
 0004:000013a4       __daylight                 100d83a4     LIBCMTD:timeset.obj
 0004:000013a8       __dstbias                  100d83a8     LIBCMTD:timeset.obj
 0004:00001430       __tzname                   100d8430     LIBCMTD:timeset.obj
 0004:00001488       ??_R0?AVtype_info@@@8      100d8488     LIBCMTD:typinfo.obj
 0004:000014a8       ??_R0?AVbad_cast@std@@@8   100d84a8     LIBCMTD:stdexcpt.obj
 0004:000014c8       ??_R0?AVbad_typeid@std@@@8 100d84c8     LIBCMTD:stdexcpt.obj
 0004:000014ec       ??_R0?AV__non_rtti_object@std@@@8 100d84ec     LIBCMTD:stdexcpt.obj
 0004:00001518       __lpdays                   100d8518     LIBCMTD:days.obj
 0004:0000154c       __days                     100d854c     LIBCMTD:days.obj
 0004:00001708       __aenvptr                  100d8708     LIBCMTD:dllcrt0.obj
 0004:0000170c       __wenvptr                  100d870c     LIBCMTD:dllcrt0.obj
 0004:00001710       ___error_mode              100d8710     LIBCMTD:dllcrt0.obj
 0004:00001714       ___app_type                100d8714     LIBCMTD:dllcrt0.obj
 0004:0000171c       ___pInvalidArgHandler      100d871c     LIBCMTD:invarg.obj
 0004:00001720       __umaskval                 100d8720     LIBCMTD:crt0dat.obj
 0004:00001724       ___argc                    100d8724     LIBCMTD:crt0dat.obj
 0004:00001728       ___argv                    100d8728     LIBCMTD:crt0dat.obj
 0004:0000172c       ___wargv                   100d872c     LIBCMTD:crt0dat.obj
 0004:00001730       __environ                  100d8730     LIBCMTD:crt0dat.obj
 0004:00001734       ___initenv                 100d8734     LIBCMTD:crt0dat.obj
 0004:00001738       __wenviron                 100d8738     LIBCMTD:crt0dat.obj
 0004:0000173c       ___winitenv                100d873c     LIBCMTD:crt0dat.obj
 0004:00001740       __pgmptr                   100d8740     LIBCMTD:crt0dat.obj
 0004:00001744       __wpgmptr                  100d8744     LIBCMTD:crt0dat.obj
 0004:00001748       __exitflag                 100d8748     LIBCMTD:crt0dat.obj
 0004:0000174c       __C_Termination_Done       100d874c     LIBCMTD:crt0dat.obj
 0004:00001750       __C_Exit_Done              100d8750     LIBCMTD:crt0dat.obj
 0004:00001768       ___mbulinfo                100d8768     LIBCMTD:mbctype.obj
 0004:00001774       ___mbcodepage              100d8774     LIBCMTD:mbctype.obj
 0004:00001778       ___ismbcodepage            100d8778     LIBCMTD:mbctype.obj
 0004:0000177c       ___mblcid                  100d877c     LIBCMTD:mbctype.obj
 0004:00001788       ___locale_changed          100d8788     LIBCMTD:setlocal.obj
 0004:0000178c       ___lc_handle               100d878c     LIBCMTD:nlsdata2.obj
 0004:000017a4       ___lc_codepage             100d87a4     LIBCMTD:nlsdata2.obj
 0004:000017a8       ___lc_collate_cp           100d87a8     LIBCMTD:nlsdata2.obj
 0004:000017b4       _gpFlsAlloc                100d87b4     LIBCMTD:tidtable.obj
 0004:000017b8       _gpFlsGetValue             100d87b8     LIBCMTD:tidtable.obj
 0004:000017bc       _gpFlsSetValue             100d87bc     LIBCMTD:tidtable.obj
 0004:000017c0       _gpFlsFree                 100d87c0     LIBCMTD:tidtable.obj
 0004:000017dc       ?_pfnDumpClient@@3P6AXPAXI@ZA 100d87dc     LIBCMTD:dbgheap.obj
 0004:000017e4       ___crtDebugCheckCount      100d87e4     LIBCMTD:dbgheap.obj
 0004:000017f4       __newmode                  100d87f4     LIBCMTD:_newmode.obj
 0004:000017f8       __cflush                   100d87f8     LIBCMTD:_file.obj
 0004:00001940       __crtheap                  100d8940     LIBCMTD:heapinit.obj
 0004:00001ee4       ?__pInconsistency@@3P6AXXZA 100d8ee4     LIBCMTD:hooks.obj
 0004:00001ef4       ___pPurecall               100d8ef4     LIBCMTD:inithelp.obj
 0004:00001efc       ?_pnhHeap@@3P6AHI@ZA       100d8efc     LIBCMTD:handler.obj
 0004:00001f00       __fmode                    100d8f00     LIBCMTD:txtmode.obj
 0004:000022d4       ___lconv_static_null       100d92d4     LIBCMTD:lconv.obj
 0004:000022e4       ___sbh_pHeaderDefer        100d92e4     LIBCMTD:sbheap.obj
 0004:000022e8       __commode                  100d92e8     LIBCMTD:ncommode.obj
 0004:000022ec       ?wsprintffp@@3P6AHPADPBDZZA 100d92ec     LIBCMTD:_error_.obj
 0004:0000230c       __stdbuf                   100d930c     LIBCMTD:_sftbuf.obj
 0004:0000242c       ?pArgList@UnDecorator@@0PAVReplicator@@A 100d942c     LIBCMTD:undname.obj
 0004:00002430       ?pZNameList@UnDecorator@@0PAVReplicator@@A 100d9430     LIBCMTD:undname.obj
 0004:00002434       ?pTemplateArgList@UnDecorator@@0PAVReplicator@@A 100d9434     LIBCMTD:undname.obj
 0004:00002438       ?gName@UnDecorator@@0PBDB  100d9438     LIBCMTD:undname.obj
 0004:0000243c       ?name@UnDecorator@@0PBDB   100d943c     LIBCMTD:undname.obj
 0004:00002440       ?outputString@UnDecorator@@0PADA 100d9440     LIBCMTD:undname.obj
 0004:00002444       ?maxStringLength@UnDecorator@@0HA 100d9444     LIBCMTD:undname.obj
 0004:00002448       ?disableFlags@UnDecorator@@0KA 100d9448     LIBCMTD:undname.obj
 0004:0000244c       ?m_pGetParameter@UnDecorator@@0P6APADJ@ZA 100d944c     LIBCMTD:undname.obj
 0004:00002450       ?fExplicitTemplateParams@UnDecorator@@0_NA 100d9450     LIBCMTD:undname.obj
 0004:00002451       ?fGetTemplateArgumentList@UnDecorator@@0_NA 100d9451     LIBCMTD:undname.obj
 0004:000024c0       ?nodes@?1??make@DNameStatusNode@@SAPAV2@W4DNameStatus@@@Z@4PAV2@A 100d94c0     LIBCMTD:undname.obj
 0004:000024fc       ??_B?1??make@DNameStatusNode@@SAPAV1@W4DNameStatus@@@Z@51 100d94fc     LIBCMTD:undname.obj
 0004:00002504       ___sbh_initialized         100d9504     <common>
 0004:00002518       ___sbh_cntHeaderList       100d9518     <common>
 0004:0000251c       ___sbh_pHeaderList         100d951c     <common>
 0004:00002520       ___sbh_threshold           100d9520     <common>
 0004:00002524       ___sbh_pHeaderScan         100d9524     <common>
 0004:00002528       ___sbh_sizeHeaderList      100d9528     <common>
 0004:0000252c       ___sbh_indGroupDefer       100d952c     <common>
 0004:00002530       __pfnReportHook            100d9530     <common>
 0004:00002540       __pReportHookListW         100d9540     <common>
 0004:00002544       __pReportHookList          100d9544     <common>
 0004:00002548       __debugger_hook_dummy      100d9548     <common>
 0004:00002554       ___active_heap             100d9554     <common>
 0004:00002560       ___piob                    100d9560     <common>
 0004:000028a0       __bufin                    100d98a0     <common>
 0004:000038a0       __nstream                  100da8a0     <common>
 0004:000038a4       ___setlc_active            100da8a4     <common>
 0004:000038b4       ___unguarded_readlc_active 100da8b4     <common>
 0004:000038b8       ___env_initialized         100da8b8     <common>
 0004:000038c8       ___onexitend               100da8c8     <common>
 0004:000038cc       ___onexitbegin             100da8cc     <common>
 0004:000038d0       ___mbctype_initialized     100da8d0     <common>
 0004:000038d4       __FPinit                   100da8d4     <common>
 0004:000038d8       ___dyn_tls_init_callback   100da8d8     <common>
 0004:000038dc       __nhandle                  100da8dc     <common>
 0004:00003920       ___pioinfo                 100da920     <common>
 0004:00003a20       ___sse2_available          100daa20     <common>
 0004:00003a2c       __acmdln                   100daa2c     <common>
 0005:00000000       __IMPORT_DESCRIPTOR_KERNEL32 100db000     kernel32:KERNEL32.dll
 0005:00000014       __NULL_IMPORT_DESCRIPTOR   100db014     kernel32:KERNEL32.dll
 0005:00000224       __imp__CreateFileA@28      100db224     kernel32:KERNEL32.dll
 0005:00000228       __imp__CloseHandle@4       100db228     kernel32:KERNEL32.dll
 0005:0000022c       __imp__CreateFileW@28      100db22c     kernel32:KERNEL32.dll
 0005:00000230       __imp__GetLastError@0      100db230     kernel32:KERNEL32.dll
 0005:00000234       __imp__ReadFile@20         100db234     kernel32:KERNEL32.dll
 0005:00000238       __imp__WriteFile@20        100db238     kernel32:KERNEL32.dll
 0005:0000023c       __imp__SetFilePointer@16   100db23c     kernel32:KERNEL32.dll
 0005:00000240       __imp__GetFileType@4       100db240     kernel32:KERNEL32.dll
 0005:00000244       __imp__WideCharToMultiByte@32 100db244     kernel32:KERNEL32.dll
 0005:00000248       __imp__GetSystemTimeAsFileTime@4 100db248     kernel32:KERNEL32.dll
 0005:0000024c       __imp__GetCurrentThreadId@0 100db24c     kernel32:KERNEL32.dll
 0005:00000250       __imp__GetCommandLineA@0   100db250     kernel32:KERNEL32.dll
 0005:00000254       __imp__LeaveCriticalSection@4 100db254     kernel32:KERNEL32.dll
 0005:00000258       __imp__EnterCriticalSection@4 100db258     kernel32:KERNEL32.dll
 0005:0000025c       __imp__SetStdHandle@8      100db25c     kernel32:KERNEL32.dll
 0005:00000260       __imp__SetHandleCount@4    100db260     kernel32:KERNEL32.dll
 0005:00000264       __imp__GetStdHandle@4      100db264     kernel32:KERNEL32.dll
 0005:00000268       __imp__GetStartupInfoA@4   100db268     kernel32:KERNEL32.dll
 0005:0000026c       __imp__DeleteCriticalSection@4 100db26c     kernel32:KERNEL32.dll
 0005:00000270       __imp__TerminateProcess@8  100db270     kernel32:KERNEL32.dll
 0005:00000274       __imp__GetCurrentProcess@0 100db274     kernel32:KERNEL32.dll
 0005:00000278       __imp__UnhandledExceptionFilter@4 100db278     kernel32:KERNEL32.dll
 0005:0000027c       __imp__SetUnhandledExceptionFilter@4 100db27c     kernel32:KERNEL32.dll
 0005:00000280       __imp__IsDebuggerPresent@0 100db280     kernel32:KERNEL32.dll
 0005:00000284       __imp__GetModuleFileNameW@12 100db284     kernel32:KERNEL32.dll
 0005:00000288       __imp__GetConsoleCP@0      100db288     kernel32:KERNEL32.dll
 0005:0000028c       __imp__GetConsoleMode@8    100db28c     kernel32:KERNEL32.dll
 0005:00000290       __imp__SetEndOfFile@4      100db290     kernel32:KERNEL32.dll
 0005:00000294       __imp__HeapFree@12         100db294     kernel32:KERNEL32.dll
 0005:00000298       __imp__HeapAlloc@12        100db298     kernel32:KERNEL32.dll
 0005:0000029c       __imp__GetProcessHeap@0    100db29c     kernel32:KERNEL32.dll
 0005:000002a0       __imp__MultiByteToWideChar@24 100db2a0     kernel32:KERNEL32.dll
 0005:000002a4       __imp__GetModuleHandleW@4  100db2a4     kernel32:KERNEL32.dll
 0005:000002a8       __imp__Sleep@4             100db2a8     kernel32:KERNEL32.dll
 0005:000002ac       __imp__InterlockedIncrement@4 100db2ac     kernel32:KERNEL32.dll
 0005:000002b0       __imp__InterlockedDecrement@4 100db2b0     kernel32:KERNEL32.dll
 0005:000002b4       __imp__GetProcAddress@8    100db2b4     kernel32:KERNEL32.dll
 0005:000002b8       __imp__ExitProcess@4       100db2b8     kernel32:KERNEL32.dll
 0005:000002bc       __imp__InterlockedExchange@8 100db2bc     kernel32:KERNEL32.dll
 0005:000002c0       __imp__GetACP@0            100db2c0     kernel32:KERNEL32.dll
 0005:000002c4       __imp__GetOEMCP@0          100db2c4     kernel32:KERNEL32.dll
 0005:000002c8       __imp__GetCPInfo@8         100db2c8     kernel32:KERNEL32.dll
 0005:000002cc       __imp__IsValidCodePage@4   100db2cc     kernel32:KERNEL32.dll
 0005:000002d0       __imp__TlsGetValue@4       100db2d0     kernel32:KERNEL32.dll
 0005:000002d4       __imp__TlsAlloc@0          100db2d4     kernel32:KERNEL32.dll
 0005:000002d8       __imp__TlsSetValue@8       100db2d8     kernel32:KERNEL32.dll
 0005:000002dc       __imp__TlsFree@4           100db2dc     kernel32:KERNEL32.dll
 0005:000002e0       __imp__SetLastError@4      100db2e0     kernel32:KERNEL32.dll
 0005:000002e4       __imp__GetCurrentThread@0  100db2e4     kernel32:KERNEL32.dll
 0005:000002e8       __imp__HeapValidate@12     100db2e8     kernel32:KERNEL32.dll
 0005:000002ec       __imp__IsBadReadPtr@8      100db2ec     kernel32:KERNEL32.dll
 0005:000002f0       __imp__RtlUnwind@16        100db2f0     kernel32:KERNEL32.dll
 0005:000002f4       __imp__GetModuleFileNameA@12 100db2f4     kernel32:KERNEL32.dll
 0005:000002f8       __imp__FreeEnvironmentStringsA@4 100db2f8     kernel32:KERNEL32.dll
 0005:000002fc       __imp__GetEnvironmentStrings@0 100db2fc     kernel32:KERNEL32.dll
 0005:00000300       __imp__FreeEnvironmentStringsW@4 100db300     kernel32:KERNEL32.dll
 0005:00000304       __imp__GetEnvironmentStringsW@0 100db304     kernel32:KERNEL32.dll
 0005:00000308       __imp__HeapDestroy@4       100db308     kernel32:KERNEL32.dll
 0005:0000030c       __imp__HeapCreate@12       100db30c     kernel32:KERNEL32.dll
 0005:00000310       __imp__VirtualFree@12      100db310     kernel32:KERNEL32.dll
 0005:00000314       __imp__QueryPerformanceCounter@4 100db314     kernel32:KERNEL32.dll
 0005:00000318       __imp__GetTickCount@0      100db318     kernel32:KERNEL32.dll
 0005:0000031c       __imp__GetCurrentProcessId@0 100db31c     kernel32:KERNEL32.dll
 0005:00000320       __imp__FatalAppExitA@8     100db320     kernel32:KERNEL32.dll
 0005:00000324       __imp__InitializeCriticalSectionAndSpinCount@8 100db324     kernel32:KERNEL32.dll
 0005:00000328       __imp__DebugBreak@0        100db328     kernel32:KERNEL32.dll
 0005:0000032c       __imp__OutputDebugStringA@4 100db32c     kernel32:KERNEL32.dll
 0005:00000330       __imp__WriteConsoleW@20    100db330     kernel32:KERNEL32.dll
 0005:00000334       __imp__OutputDebugStringW@4 100db334     kernel32:KERNEL32.dll
 0005:00000338       __imp__SetConsoleCtrlHandler@8 100db338     kernel32:KERNEL32.dll
 0005:0000033c       __imp__LoadLibraryW@4      100db33c     kernel32:KERNEL32.dll
 0005:00000340       __imp__WriteConsoleA@20    100db340     kernel32:KERNEL32.dll
 0005:00000344       __imp__GetConsoleOutputCP@0 100db344     kernel32:KERNEL32.dll
 0005:00000348       __imp__FreeLibrary@4       100db348     kernel32:KERNEL32.dll
 0005:0000034c       __imp__LoadLibraryA@4      100db34c     kernel32:KERNEL32.dll
 0005:00000350       __imp__LCMapStringA@24     100db350     kernel32:KERNEL32.dll
 0005:00000354       __imp__LCMapStringW@24     100db354     kernel32:KERNEL32.dll
 0005:00000358       __imp__GetStringTypeA@20   100db358     kernel32:KERNEL32.dll
 0005:0000035c       __imp__GetStringTypeW@16   100db35c     kernel32:KERNEL32.dll
 0005:00000360       __imp__GetTimeFormatA@24   100db360     kernel32:KERNEL32.dll
 0005:00000364       __imp__GetDateFormatA@24   100db364     kernel32:KERNEL32.dll
 0005:00000368       __imp__GetLocaleInfoA@16   100db368     kernel32:KERNEL32.dll
 0005:0000036c       __imp__IsValidLocale@8     100db36c     kernel32:KERNEL32.dll
 0005:00000370       __imp__EnumSystemLocalesA@8 100db370     kernel32:KERNEL32.dll
 0005:00000374       __imp__GetUserDefaultLCID@0 100db374     kernel32:KERNEL32.dll
 0005:00000378       __imp__HeapSize@12         100db378     kernel32:KERNEL32.dll
 0005:0000037c       __imp__HeapReAlloc@16      100db37c     kernel32:KERNEL32.dll
 0005:00000380       __imp__VirtualAlloc@16     100db380     kernel32:KERNEL32.dll
 0005:00000384       __imp__FlushFileBuffers@4  100db384     kernel32:KERNEL32.dll
 0005:00000388       __imp__RaiseException@16   100db388     kernel32:KERNEL32.dll
 0005:0000038c       __imp__lstrlenA@4          100db38c     kernel32:KERNEL32.dll
 0005:00000390       __imp__GetLocaleInfoW@16   100db390     kernel32:KERNEL32.dll
 0005:00000394       __imp__GetTimeZoneInformation@4 100db394     kernel32:KERNEL32.dll
 0005:00000398       __imp__VirtualQuery@12     100db398     kernel32:KERNEL32.dll
 0005:0000039c       __imp__CompareStringA@24   100db39c     kernel32:KERNEL32.dll
 0005:000003a0       __imp__CompareStringW@24   100db3a0     kernel32:KERNEL32.dll
 0005:000003a4       __imp__SetEnvironmentVariableA@8 100db3a4     kernel32:KERNEL32.dll
 0005:000003a8       \177KERNEL32_NULL_THUNK_DATA 100db3a8     kernel32:KERNEL32.dll

 entry point at        0002:00000cd0

